Archive member included to satisfy reference by file (symbol)

c:/nxp/mcuxpressoide_10.2.1_795/ide/tools/bin/../lib/gcc/arm-none-eabi/7.2.1/../../../../arm-none-eabi/lib/thumb/v6-m\libm.a(lib_a-s_round.o)
                              ./framework/XCVR/MKW41Z4/fsl_xcvr.o (round)
c:/nxp/mcuxpressoide_10.2.1_795/ide/tools/bin/../lib/gcc/arm-none-eabi/7.2.1/../../../../arm-none-eabi/lib/thumb/v6-m\libm.a(lib_a-s_trunc.o)
                              ./framework/XCVR/MKW41Z4/fsl_xcvr.o (trunc)
c:/nxp/mcuxpressoide_10.2.1_795/ide/tools/bin/../lib/gcc/arm-none-eabi/7.2.1/../../../../arm-none-eabi/lib/thumb/v6-m\libm.a(lib_a-sf_round.o)
                              ./framework/XCVR/MKW41Z4/fsl_xcvr_trim.o (roundf)
c:/nxp/mcuxpressoide_10.2.1_795/ide/tools/bin/../lib/gcc/arm-none-eabi/7.2.1/../../../../arm-none-eabi/lib/thumb/v6-m\libc.a(lib_a-exit.o)
                              c:/nxp/mcuxpressoide_10.2.1_795/ide/tools/bin/../lib/gcc/arm-none-eabi/7.2.1/../../../../arm-none-eabi/lib/thumb/v6-m/crt0.o (exit)
c:/nxp/mcuxpressoide_10.2.1_795/ide/tools/bin/../lib/gcc/arm-none-eabi/7.2.1/../../../../arm-none-eabi/lib/thumb/v6-m\libc.a(lib_a-impure.o)
                              c:/nxp/mcuxpressoide_10.2.1_795/ide/tools/bin/../lib/gcc/arm-none-eabi/7.2.1/../../../../arm-none-eabi/lib/thumb/v6-m\libc.a(lib_a-exit.o) (_global_impure_ptr)
c:/nxp/mcuxpressoide_10.2.1_795/ide/tools/bin/../lib/gcc/arm-none-eabi/7.2.1/../../../../arm-none-eabi/lib/thumb/v6-m\libc.a(lib_a-init.o)
                              c:/nxp/mcuxpressoide_10.2.1_795/ide/tools/bin/../lib/gcc/arm-none-eabi/7.2.1/../../../../arm-none-eabi/lib/thumb/v6-m/crt0.o (__libc_init_array)
c:/nxp/mcuxpressoide_10.2.1_795/ide/tools/bin/../lib/gcc/arm-none-eabi/7.2.1/../../../../arm-none-eabi/lib/thumb/v6-m\libc.a(lib_a-memcpy-stub.o)
                              ./freertos/queue.o (memcpy)
c:/nxp/mcuxpressoide_10.2.1_795/ide/tools/bin/../lib/gcc/arm-none-eabi/7.2.1/../../../../arm-none-eabi/lib/thumb/v6-m\libc.a(lib_a-memset.o)
                              c:/nxp/mcuxpressoide_10.2.1_795/ide/tools/bin/../lib/gcc/arm-none-eabi/7.2.1/../../../../arm-none-eabi/lib/thumb/v6-m/crt0.o (memset)
c:/nxp/mcuxpressoide_10.2.1_795/ide/tools/bin/../lib/gcc/arm-none-eabi/7.2.1/../../../../arm-none-eabi/lib/thumb/v6-m\libc.a(lib_a-__call_atexit.o)
                              c:/nxp/mcuxpressoide_10.2.1_795/ide/tools/bin/../lib/gcc/arm-none-eabi/7.2.1/../../../../arm-none-eabi/lib/thumb/v6-m\libc.a(lib_a-exit.o) (__call_exitprocs)
c:/nxp/mcuxpressoide_10.2.1_795/ide/tools/bin/../lib/gcc/arm-none-eabi/7.2.1/../../../../arm-none-eabi/lib/thumb/v6-m\libc.a(lib_a-atexit.o)
                              c:/nxp/mcuxpressoide_10.2.1_795/ide/tools/bin/../lib/gcc/arm-none-eabi/7.2.1/../../../../arm-none-eabi/lib/thumb/v6-m\libc.a(lib_a-__call_atexit.o) (atexit)
c:/nxp/mcuxpressoide_10.2.1_795/ide/tools/bin/../lib/gcc/arm-none-eabi/7.2.1/../../../../arm-none-eabi/lib/thumb/v6-m\libc.a(lib_a-fini.o)
                              c:/nxp/mcuxpressoide_10.2.1_795/ide/tools/bin/../lib/gcc/arm-none-eabi/7.2.1/../../../../arm-none-eabi/lib/thumb/v6-m\libc.a(lib_a-__call_atexit.o) (__libc_fini_array)
c:/nxp/mcuxpressoide_10.2.1_795/ide/tools/bin/../lib/gcc/arm-none-eabi/7.2.1/../../../../arm-none-eabi/lib/thumb/v6-m\libc.a(lib_a-lock.o)
                              c:/nxp/mcuxpressoide_10.2.1_795/ide/tools/bin/../lib/gcc/arm-none-eabi/7.2.1/../../../../arm-none-eabi/lib/thumb/v6-m\libc.a(lib_a-__call_atexit.o) (__retarget_lock_acquire_recursive)
c:/nxp/mcuxpressoide_10.2.1_795/ide/tools/bin/../lib/gcc/arm-none-eabi/7.2.1/../../../../arm-none-eabi/lib/thumb/v6-m\libc.a(lib_a-__atexit.o)
                              c:/nxp/mcuxpressoide_10.2.1_795/ide/tools/bin/../lib/gcc/arm-none-eabi/7.2.1/../../../../arm-none-eabi/lib/thumb/v6-m\libc.a(lib_a-atexit.o) (__register_exitproc)
c:/nxp/mcuxpressoide_10.2.1_795/ide/tools/bin/../lib/gcc/arm-none-eabi/7.2.1/thumb/v6-m\libgcc.a(_udivsi3.o)
                              ./freertos/fsl_tickless_lptmr.o (__aeabi_uidiv)
c:/nxp/mcuxpressoide_10.2.1_795/ide/tools/bin/../lib/gcc/arm-none-eabi/7.2.1/thumb/v6-m\libgcc.a(_divsi3.o)
                              ./framework/XCVR/MKW41Z4/fsl_xcvr_trim.o (__aeabi_idiv)
c:/nxp/mcuxpressoide_10.2.1_795/ide/tools/bin/../lib/gcc/arm-none-eabi/7.2.1/thumb/v6-m\libgcc.a(_dvmd_tls.o)
                              c:/nxp/mcuxpressoide_10.2.1_795/ide/tools/bin/../lib/gcc/arm-none-eabi/7.2.1/thumb/v6-m\libgcc.a(_udivsi3.o) (__aeabi_idiv0)
c:/nxp/mcuxpressoide_10.2.1_795/ide/tools/bin/../lib/gcc/arm-none-eabi/7.2.1/thumb/v6-m\libgcc.a(_arm_cmpdf2.o)
                              ./framework/XCVR/MKW41Z4/fsl_xcvr.o (__aeabi_dcmpgt)
c:/nxp/mcuxpressoide_10.2.1_795/ide/tools/bin/../lib/gcc/arm-none-eabi/7.2.1/thumb/v6-m\libgcc.a(_arm_cmpsf2.o)
                              ./framework/XCVR/MKW41Z4/fsl_xcvr_trim.o (__aeabi_fcmplt)
[...]
Memory Configuration

Name             Origin             Length             Attributes
TEXT_region1     0x00000000         0x00000400         xr
m_flash_config_region 0x00000400         0x00000010         xr
TEXT_region2     0x00000411         0x0007d3ee         xr
NVM_region       0x0007d800         0x00001fff         rw
DATA1_region     0x1fff8000         0x00008000         rw
DATA2_region     0x20000000         0x00018000         rw
PRODUCT_INFO_region 0x0007f800         0x000007ff         xr
*default*        0x00000000         0xffffffff

Linker script and memory map

LOAD c:/nxp/mcuxpressoide_10.2.1_795/ide/tools/bin/../lib/gcc/arm-none-eabi/7.2.1/thumb/v6-m/crti.o
LOAD c:/nxp/mcuxpressoide_10.2.1_795/ide/tools/bin/../lib/gcc/arm-none-eabi/7.2.1/thumb/v6-m/crtbegin.o
LOAD c:/nxp/mcuxpressoide_10.2.1_795/ide/tools/bin/../lib/gcc/arm-none-eabi/7.2.1/../../../../arm-none-eabi/lib/thumb/v6-m/crt0.o
LOAD ./utilities/fsl_debug_console.o
LOAD ./startup/startup_MKW41Z4.o
LOAD ./source/common/gatt_db/gatt_database.o
LOAD ./source/common/ApplMain.o
LOAD ./source/common/ble_conn_manager.o
LOAD ./source/common/ble_controller_task.o
LOAD ./source/common/ble_host_tasks.o
LOAD ./source/common/ble_init.o
LOAD ./source/app_config.o
LOAD ./source/heart_rate_sensor.o
LOAD ./source/mtb.o
LOAD ./source/semihost_hardfault.o
LOAD ./freertos/croutine.o
LOAD ./freertos/event_groups.o
LOAD ./freertos/fsl_tickless_lptmr.o
LOAD ./freertos/fsl_tickless_systick.o
LOAD ./freertos/heap_4.o
LOAD ./freertos/list.o
LOAD ./freertos/port.o
LOAD ./freertos/queue.o
LOAD ./freertos/tasks.o
LOAD ./freertos/timers.o
LOAD ./framework/XCVR/MKW41Z4/cfgs_kw4x_3x_2x/fsl_xcvr_ant_config.o
LOAD ./framework/XCVR/MKW41Z4/cfgs_kw4x_3x_2x/fsl_xcvr_ble_config.o
LOAD ./framework/XCVR/MKW41Z4/cfgs_kw4x_3x_2x/fsl_xcvr_common_config.o
LOAD ./framework/XCVR/MKW41Z4/cfgs_kw4x_3x_2x/fsl_xcvr_gfsk_bt_0p3_h_0p5_config.o
LOAD ./framework/XCVR/MKW41Z4/cfgs_kw4x_3x_2x/fsl_xcvr_gfsk_bt_0p5_h_0p32_config.o
LOAD ./framework/XCVR/MKW41Z4/cfgs_kw4x_3x_2x/fsl_xcvr_gfsk_bt_0p5_h_0p5_config.o
LOAD ./framework/XCVR/MKW41Z4/cfgs_kw4x_3x_2x/fsl_xcvr_gfsk_bt_0p5_h_0p7_config.o
LOAD ./framework/XCVR/MKW41Z4/cfgs_kw4x_3x_2x/fsl_xcvr_gfsk_bt_0p5_h_1p0_config.o
LOAD ./framework/XCVR/MKW41Z4/cfgs_kw4x_3x_2x/fsl_xcvr_gfsk_bt_0p7_h_0p5_config.o
LOAD ./framework/XCVR/MKW41Z4/cfgs_kw4x_3x_2x/fsl_xcvr_mode_datarate_config.o
LOAD ./framework/XCVR/MKW41Z4/cfgs_kw4x_3x_2x/fsl_xcvr_msk_config.o
LOAD ./framework/XCVR/MKW41Z4/cfgs_kw4x_3x_2x/fsl_xcvr_zgbe_config.o
LOAD ./framework/XCVR/MKW41Z4/dbg_ram_capture.o
LOAD ./framework/XCVR/MKW41Z4/fsl_xcvr.o
LOAD ./framework/XCVR/MKW41Z4/fsl_xcvr_trim.o
LOAD ./framework/XCVR/MKW41Z4/ifr_radio.o
LOAD ./framework/TimersManager/Source/TMR_Adapter.o
LOAD ./framework/TimersManager/Source/TimersManager.o
LOAD ./framework/SerialManager/Source/UART_Adapter/UART_Adapter.o
LOAD ./framework/SerialManager/Source/SPI_Adapter/SPI_Adapter.o
LOAD ./framework/SerialManager/Source/I2C_Adapter/I2C_Adapter.o
LOAD ./framework/SerialManager/Source/SerialManager.o
LOAD ./framework/SecLib/SecLib.o
LOAD ./framework/Reset/Reset.o
LOAD ./framework/RNG/Source/RNG.o
LOAD ./framework/Panic/Source/Panic.o
LOAD ./framework/OSAbstraction/Source/fsl_os_abstraction_free_rtos.o
LOAD ./framework/NVM/Source/NV_Flash.o
LOAD ./framework/NVM/Source/NV_FsciCommands.o
LOAD ./framework/ModuleInfo/ModuleInfo.o
LOAD ./framework/Messaging/Source/Messaging.o
LOAD ./framework/MemManager/Source/MemManager.o
LOAD ./framework/MWSCoexistence/Source/MWS.o
LOAD ./framework/LowPower/Source/MKW41Z/PWR.o
LOAD ./framework/LowPower/Source/MKW41Z/PWRLib.o
LOAD ./framework/LowPower/Source/MKW41Z/PWR_BLE.o
LOAD ./framework/Lists/GenericList.o
LOAD ./framework/LED/Source/LED.o
LOAD ./framework/Keyboard/Source/Keyboard.o
LOAD ./framework/GPIO/GPIO_Adapter.o
LOAD ./framework/FunctionLib/FunctionLib.o
LOAD ./framework/Flash/Internal/Flash_Adapter.o
LOAD ./framework/DCDC/Source/DCDC.o
LOAD ./drivers/fsl_adc16.o
LOAD ./drivers/fsl_clock.o
LOAD ./drivers/fsl_common.o
LOAD ./drivers/fsl_dspi.o
LOAD ./drivers/fsl_dspi_freertos.o
LOAD ./drivers/fsl_flash.o
LOAD ./drivers/fsl_gpio.o
LOAD ./drivers/fsl_i2c.o
LOAD ./drivers/fsl_i2c_freertos.o
LOAD ./drivers/fsl_llwu.o
LOAD ./drivers/fsl_lptmr.o
LOAD ./drivers/fsl_lpuart.o
LOAD ./drivers/fsl_lpuart_freertos.o
LOAD ./drivers/fsl_ltc.o
LOAD ./drivers/fsl_pmc.o
LOAD ./drivers/fsl_rtc.o
LOAD ./drivers/fsl_smc.o
LOAD ./drivers/fsl_tpm.o
LOAD ./drivers/fsl_trng.o
LOAD ./board/board.o
LOAD ./board/clock_config.o
LOAD ./board/gpio_pins.o
LOAD ./board/peripherals.o
LOAD ./board/pin_mux.o
LOAD ./bluetooth/profiles/heart_rate/heart_rate_service.o
LOAD ./bluetooth/profiles/device_info/device_info_service.o
LOAD ./bluetooth/profiles/battery/battery_service.o
LOAD ./bluetooth/host/config/ble_globals.o
LOAD ./bluetooth/hci_transport/source/hcit_serial_interface.o
LOAD ./CMSIS/system_MKW41Z4.o
LOAD c:/nxp/mcuxpressoide_10.2.1_795/ide/tools/bin/../lib/gcc/arm-none-eabi/7.2.1/../../../../arm-none-eabi/lib/thumb/v6-m\libm.a
LOAD c:/nxp/mcuxpressoide_10.2.1_795/ide/tools/bin/../lib/gcc/arm-none-eabi/7.2.1/../../../../arm-none-eabi/lib/thumb/v6-m\libc.a
LOAD c:/nxp/mcuxpressoide_10.2.1_795/ide/tools/bin/../lib/gcc/arm-none-eabi/7.2.1/thumb/v6-m\libgcc.a
LOAD c:/nxp/mcuxpressoide_10.2.1_795/ide/tools/bin/../lib/gcc/arm-none-eabi/7.2.1/../../../../arm-none-eabi/lib/thumb/v6-m\libnosys.a
LOAD C:\Users\dav\Documents\MCUXpressoIDE_10.2.1_795\workspace\frdmkw41z_wireless_examples_bluetooth_heart_rate_sensor_freertos\libs\lib_ble_kw41z_controller.a
LOAD C:\Users\dav\Documents\MCUXpressoIDE_10.2.1_795\workspace\frdmkw41z_wireless_examples_bluetooth_heart_rate_sensor_freertos\libs\lib_ble_4-2_host_peripheral_cm0p.a
LOAD C:\Users\dav\Documents\MCUXpressoIDE_10.2.1_795\workspace\frdmkw41z_wireless_examples_bluetooth_heart_rate_sensor_freertos\libs\lib_crypto_m0.a
START GROUP
LOAD c:/nxp/mcuxpressoide_10.2.1_795/ide/tools/bin/../lib/gcc/arm-none-eabi/7.2.1/thumb/v6-m\libgcc.a
LOAD c:/nxp/mcuxpressoide_10.2.1_795/ide/tools/bin/../lib/gcc/arm-none-eabi/7.2.1/../../../../arm-none-eabi/lib/thumb/v6-m\libc.a
END GROUP
LOAD c:/nxp/mcuxpressoide_10.2.1_795/ide/tools/bin/../lib/gcc/arm-none-eabi/7.2.1/thumb/v6-m/crtend.o
LOAD c:/nxp/mcuxpressoide_10.2.1_795/ide/tools/bin/../lib/gcc/arm-none-eabi/7.2.1/thumb/v6-m/crtn.o
                0x00000001                gUseNVMLink_d = DEFINED (gUseNVMLink_d)?gUseNVMLink_d:0x1
                0x00000004                gNVMSectorCountLink_d = DEFINED (gNVMSectorCountLink_d)?gNVMSectorCountLink_d:0x4
                0x00000001                __ram_vector_table__ = DEFINED (__ram_vector_table__)?__ram_vector_table__:0x1
                0x00000000                __region_ROM_start__ = 0x0
                0x0007ffff                __region_ROM_end__ = 0x7ffff
                0x1fff8000                __region_RAM1_start__ = 0x1fff8000
                0x1fffffff                __region_RAM1_end__ = 0x1fffffff
                0x20000000                __region_RAM2_start__ = 0x20000000
                0x20017fff                __region_RAM2_end__ = 0x20017fff
                0x000000c0                __vector_table_size__ = 0xc0
                0x00000000                __ram_vector_table_size__ = DEFINED (__ram_vector_table__)?__vector_table_size__:0x0
                0x1fff8000                _RAM_START_ = __region_RAM1_start__
                0x20017fff                _RAM_END_ = __region_RAM2_end__
                0x00000000                m_interrupts_start = __region_ROM_start__
                0x000000bf                m_interrupts_end = ((m_interrupts_start + __vector_table_size__) - 0x1)
                0x00000400                m_flash_config_start = 0x400
                0x00000410                m_flash_config_end = 0x410
                0x00000800                m_sector_size = 0x800
                0x00000200                __size_cstack__ = DEFINED (__stack_size__)?__stack_size__:0x200
                0x00000000                __size_heap__ = DEFINED (__heap_size__)?__heap_size__:0x0
                0x0007f800                m_fsl_prodInfo_start = ((__region_ROM_end__ - m_sector_size) + 0x1)
                0x0007ffff                m_fsl_prodInfo_end = __region_ROM_end__
                0x0007f800                FREESCALE_PROD_DATA_BASE_ADDR = m_fsl_prodInfo_start
                0x00000800                NV_STORAGE_SECTOR_SIZE = m_sector_size
                0x00000004                NV_STORAGE_MAX_SECTORS = gNVMSectorCountLink_d
                0x0007f7ff                NV_STORAGE_START_ADDRESS = (m_fsl_prodInfo_start - 0x1)
                0x0007d800                NV_STORAGE_END_ADDRESS = ((NV_STORAGE_START_ADDRESS - (NV_STORAGE_MAX_SECTORS * NV_STORAGE_SECTOR_SIZE)) + 0x1)
                0x00000800                NV_STORAGE_SECTOR_SIZE_C = m_sector_size
                0x00000004                NV_STORAGE_MAX_SECTORS_C = gNVMSectorCountLink_d
                0x0007f7ff                NV_STORAGE_START_ADDRESS_C = (m_fsl_prodInfo_start - 0x1)
                0x0007d800                NV_STORAGE_END_ADDRESS_C = ((NV_STORAGE_START_ADDRESS_C - (NV_STORAGE_MAX_SECTORS_C * NV_STORAGE_SECTOR_SIZE_C)) + 0x1)
                0x00000000                m_text_start = m_interrupts_start
                0x0007d7ff                m_text_end = (NV_STORAGE_END_ADDRESS_C - 0x1)
                0x20000000                m_interrupts_ram_start = __region_RAM2_start__
                0x200000bf                m_interrupts_ram_end = ((m_interrupts_ram_start + __ram_vector_table_size__) - 0x1)
                0x20017fff                __CSTACK_end__ = __region_RAM2_end__
                0x20017dff                __CSTACK_start__ = (__CSTACK_end__ - __size_cstack__)
                0x20017dfe                __HEAP_end__ = (__CSTACK_start__ - 0x1)
                0x20017dfa                __HEAP_start__ = ((__HEAP_end__ - __size_heap__) - 0x4)
                0x1fff8000                m_data1_start = __region_RAM1_start__
                0x1fffffff                m_data1_end = __region_RAM1_end__
                0x20000000                m_data2_start = m_interrupts_ram_start
                0x20017df9                m_data2_end = (__HEAP_start__ - 0x1)
                0x000000c0                __RAM_VECTOR_TABLE_SIZE = __ram_vector_table_size__
                0x20017dea                __BOOT_STACK_ADDRESS = (m_data2_end - 0xf)

.interrupts     0x00000000       0xc0
                0x00000000                __VECTOR_TABLE = .
                0x00000000                . = ALIGN (0x4)
 *(.isr_vector)
 .isr_vector    0x00000000       0xc0 ./startup/startup_MKW41Z4.o
                0x00000000                __isr_vector
                0x000000c0                . = ALIGN (0x4)

.freescale_prod_data
                0x0007f800        0x0
                0x0007f800                . = ALIGN (0x4)
 *(.FREESCALE_PROD_DATA)
                0x0007f800                . = ALIGN (0x4)

.flash_config   0x00000400       0x10
                0x00000400                . = ALIGN (0x4)
 *(.FlashConfig)
 .FlashConfig   0x00000400       0x10 ./startup/startup_MKW41Z4.o
                0x00000410                . = ALIGN (0x4)

.text           0x00000420    0x2e750
                0x00000420                . = ALIGN (0x4)
 *(.text)
 .text          0x00000420       0x48 c:/nxp/mcuxpressoide_10.2.1_795/ide/tools/bin/../lib/gcc/arm-none-eabi/7.2.1/thumb/v6-m/crtbegin.o
 .text          0x00000468       0x78 c:/nxp/mcuxpressoide_10.2.1_795/ide/tools/bin/../lib/gcc/arm-none-eabi/7.2.1/../../../../arm-none-eabi/lib/thumb/v6-m/crt0.o
                0x00000468                _start
                0x00000468                _mainCRTStartup
 .text          0x000004e0       0xc0 ./startup/startup_MKW41Z4.o
                0x000004e0                Reset_Handler
                0x00000528                Radio_0_IRQHandler
                0x00000528                DMA0_DriverIRQHandler
                0x00000528                CMP0_IRQHandler
                0x00000528                DMA2_DriverIRQHandler
                0x00000528                TPM0_IRQHandler
                0x00000528                Radio_1_IRQHandler
                0x00000528                LLWU_IRQHandler
                0x00000528                TSI0_IRQHandler
                0x00000528                ADC0_IRQHandler
                0x00000528                CMT_IRQHandler
                0x00000528                LPTMR0_IRQHandler
                0x00000528                DefaultISR
                0x00000528                PORTB_PORTC_IRQHandler
                0x00000528                TPM2_IRQHandler
                0x00000528                RTC_IRQHandler
                0x00000528                LVD_LVW_DCDC_IRQHandler
                0x00000528                DMA3_DriverIRQHandler
                0x00000528                RTC_Seconds_IRQHandler
                0x00000528                MCG_IRQHandler
                0x00000528                TRNG0_IRQHandler
                0x00000528                Reserved20_IRQHandler
                0x00000528                LTC0_IRQHandler
                0x00000528                PIT_IRQHandler
                0x00000528                DMA1_DriverIRQHandler
                0x00000528                FTFA_IRQHandler
                0x00000528                PORTA_IRQHandler
                0x00000528                TPM1_IRQHandler
                0x00000528                DAC0_IRQHandler
                0x00000540                DMA0_IRQHandler
                0x00000544                DMA1_IRQHandler
                0x00000548                DMA2_IRQHandler
                0x0000054c                DMA3_IRQHandler
                0x00000550                I2C0_IRQHandler
                0x00000554                I2C1_IRQHandler
                0x00000558                SPI0_IRQHandler
                0x0000055c                LPUART0_IRQHandler
                0x00000560                SPI1_IRQHandler
 .text          0x000005a0      0x114 c:/nxp/mcuxpressoide_10.2.1_795/ide/tools/bin/../lib/gcc/arm-none-eabi/7.2.1/thumb/v6-m\libgcc.a(_udivsi3.o)
                0x000005a0                __aeabi_uidiv
                0x000005a0                __udivsi3
                0x000006ac                __aeabi_uidivmod
 .text          0x000006b4      0x1d4 c:/nxp/mcuxpressoide_10.2.1_795/ide/tools/bin/../lib/gcc/arm-none-eabi/7.2.1/thumb/v6-m\libgcc.a(_divsi3.o)
                0x000006b4                __divsi3
                0x000006b4                __aeabi_idiv
                0x00000880                __aeabi_idivmod
 .text          0x00000888        0x4 c:/nxp/mcuxpressoide_10.2.1_795/ide/tools/bin/../lib/gcc/arm-none-eabi/7.2.1/thumb/v6-m\libgcc.a(_dvmd_tls.o)
                0x00000888                __aeabi_idiv0
                0x00000888                __aeabi_ldiv0
 .text          0x0000088c       0x74 c:/nxp/mcuxpressoide_10.2.1_795/ide/tools/bin/../lib/gcc/arm-none-eabi/7.2.1/thumb/v6-m\libgcc.a(_arm_cmpsf2.o)
                0x0000088c                __aeabi_cfrcmple
                0x00000894                __aeabi_cfcmpeq
                0x00000894                __aeabi_cfcmple
                0x000008a4                __aeabi_fcmpeq
                0x000008b0                __aeabi_fcmplt
                0x000008c4                __aeabi_fcmple
                0x000008d8                __aeabi_fcmpgt
                0x000008ec                __aeabi_fcmpge
 .text          0x00000900       0x40 c:/nxp/mcuxpressoide_10.2.1_795/ide/tools/bin/../lib/gcc/arm-none-eabi/7.2.1/thumb/v6-m\libgcc.a(_aeabi_uldivmod.o)
                0x00000900                __aeabi_uldivmod
 .text          0x00000940       0x54 c:/nxp/mcuxpressoide_10.2.1_795/ide/tools/bin/../lib/gcc/arm-none-eabi/7.2.1/thumb/v6-m\libgcc.a(_muldi3.o)
                0x00000940                __muldi3
                0x00000940                __aeabi_lmul
 .text          0x00000994       0x30 c:/nxp/mcuxpressoide_10.2.1_795/ide/tools/bin/../lib/gcc/arm-none-eabi/7.2.1/thumb/v6-m\libgcc.a(_fixunssfsi.o)
                0x00000994                __fixunssfsi
                0x00000994                __aeabi_f2uiz
 .text          0x000009c4      0x184 c:/nxp/mcuxpressoide_10.2.1_795/ide/tools/bin/../lib/gcc/arm-none-eabi/7.2.1/thumb/v6-m\libgcc.a(_udivmoddi4.o)
                0x000009c4                __udivmoddi4
 .text          0x00000b48      0x334 c:/nxp/mcuxpressoide_10.2.1_795/ide/tools/bin/../lib/gcc/arm-none-eabi/7.2.1/thumb/v6-m\libgcc.a(addsf3.o)
                0x00000b48                __aeabi_fadd
 .text          0x00000e7c      0x224 c:/nxp/mcuxpressoide_10.2.1_795/ide/tools/bin/../lib/gcc/arm-none-eabi/7.2.1/thumb/v6-m\libgcc.a(divsf3.o)
                0x00000e7c                __aeabi_fdiv
 .text          0x000010a0       0x50 c:/nxp/mcuxpressoide_10.2.1_795/ide/tools/bin/../lib/gcc/arm-none-eabi/7.2.1/thumb/v6-m\libgcc.a(eqsf2.o)
                0x000010a0                __eqsf2
                0x000010a0                __nesf2
 .text          0x000010f0       0x9c c:/nxp/mcuxpressoide_10.2.1_795/ide/tools/bin/../lib/gcc/arm-none-eabi/7.2.1/thumb/v6-m\libgcc.a(gesf2.o)
                0x000010f0                __gesf2
                0x000010f0                __gtsf2
 .text          0x0000118c       0xa0 c:/nxp/mcuxpressoide_10.2.1_795/ide/tools/bin/../lib/gcc/arm-none-eabi/7.2.1/thumb/v6-m\libgcc.a(lesf2.o)
                0x0000118c                __ltsf2
                0x0000118c                __lesf2
 .text          0x0000122c      0x264 c:/nxp/mcuxpressoide_10.2.1_795/ide/tools/bin/../lib/gcc/arm-none-eabi/7.2.1/thumb/v6-m\libgcc.a(mulsf3.o)
                0x0000122c                __aeabi_fmul
 .text          0x00001490      0x388 c:/nxp/mcuxpressoide_10.2.1_795/ide/tools/bin/../lib/gcc/arm-none-eabi/7.2.1/thumb/v6-m\libgcc.a(subsf3.o)
                0x00001490                __aeabi_fsub
 .text          0x00001818       0x40 c:/nxp/mcuxpressoide_10.2.1_795/ide/tools/bin/../lib/gcc/arm-none-eabi/7.2.1/thumb/v6-m\libgcc.a(fixsfsi.o)
                0x00001818                __aeabi_f2iz
 .text          0x00001858       0x94 c:/nxp/mcuxpressoide_10.2.1_795/ide/tools/bin/../lib/gcc/arm-none-eabi/7.2.1/thumb/v6-m\libgcc.a(floatsisf.o)
                0x00001858                __aeabi_i2f
 .text          0x000018ec       0x80 c:/nxp/mcuxpressoide_10.2.1_795/ide/tools/bin/../lib/gcc/arm-none-eabi/7.2.1/thumb/v6-m\libgcc.a(floatunsisf.o)
                0x000018ec                __aeabi_ui2f
 .text          0x0000196c       0x3c c:/nxp/mcuxpressoide_10.2.1_795/ide/tools/bin/../lib/gcc/arm-none-eabi/7.2.1/thumb/v6-m\libgcc.a(_clzsi2.o)
                0x0000196c                __clzsi2
 .text          0x000019a8       0x18 c:/nxp/mcuxpressoide_10.2.1_795/ide/tools/bin/../lib/gcc/arm-none-eabi/7.2.1/thumb/v6-m\libgcc.a(_clzdi2.o)
                0x000019a8                __clzdi2
 .text          0x000019c0      0x418 C:\Users\dav\Documents\MCUXpressoIDE_10.2.1_795\workspace\frdmkw41z_wireless_examples_bluetooth_heart_rate_sensor_freertos\libs\lib_ble_kw41z_controller.a(bt_le_bluetooth.o)
                0x000019c0                Controller_Init
                0x000019fe                Hci_SendPacketToController
                0x00001a06                Controller_SendSingleAdvertisement
                0x00001a14                Controller_GetNextInstance
                0x00001a1c                Controller_GetInactivityDuration
                0x00001a5a                Controller_SetTxPowerLevel
                0x00001a72                Controller_SetDeviceAddress
                0x00001aa4                MWS_BLE_Callback
                0x00001bdc                MWS_COEX_BLE_Callback
                0x00001d0c                Controller_MeshAddToFilterQueue
                0x00001d5c                Controller_MeshClearFilterQueue
                0x00001d7c                Controller_MeshFilterPackets
 .text          0x00001dd8      0x22c C:\Users\dav\Documents\MCUXpressoIDE_10.2.1_795\workspace\frdmkw41z_wireless_examples_bluetooth_heart_rate_sensor_freertos\libs\lib_ble_kw41z_controller.a(hci_td.o)
                0x00001dd8                pf_hci_get_max_tx_acl_data_size
                0x00001dde                pf_hci_get_max_cmd_size
                0x00001de2                hci_td_handle_received_packet
                0x00001ec8                hci_td_handle_send_single_adv
                0x00001fa6                hci_td_tx_packet_data
                0x00001fc6                hci_td_tx_packet
                0x00002000                hci_td_get_active_status
 .text          0x00002004       0x4e C:\Users\dav\Documents\MCUXpressoIDE_10.2.1_795\workspace\frdmkw41z_wireless_examples_bluetooth_heart_rate_sensor_freertos\libs\lib_ble_kw41z_controller.a(hci_td_api.o)
                0x00002004                hci_td_init
                0x00002020                hci_td_deliver_event_to_host
                0x00002034                hci_td_deliver_acl_data_to_host
 *fill*         0x00002052        0x2 
 .text          0x00002054       0xaa C:\Users\dav\Documents\MCUXpressoIDE_10.2.1_795\workspace\frdmkw41z_wireless_examples_bluetooth_heart_rate_sensor_freertos\libs\lib_ble_kw41z_controller.a(lec_hci_le_utils.o)
                0x00002054                hci_le_initialize_data
                0x00002060                hci_le_module_reset
                0x0000206a                hci_le_pass_event_through_event_mask
                0x000020e0                hci_alloc_event_buffer
                0x000020ee                hci_free_event_buffer
                0x000020f6                hci_free_rx_data_buffer
 *fill*         0x000020fe        0x2 
 .text          0x00002100      0xa34 C:\Users\dav\Documents\MCUXpressoIDE_10.2.1_795\workspace\frdmkw41z_wireless_examples_bluetooth_heart_rate_sensor_freertos\libs\lib_ble_kw41z_controller.a(ll.o)
                0x00002100                ll_hci_command_process_ind
                0x00002118                ll_configure_clock_gating
                0x0000215c                ll_reset_resolving_list
                0x0000217c                ll_is_rpa_using_procedure_running
                0x00002186                ll_config_rpa_timer
                0x0000219a                ll_update_active_features
                0x000021f6                ll_restore_init
                0x00002200                ll_get_init_status
                0x00002206                ll_init
                0x0000225c                ll_initialize_device_attributes
                0x000022d2                ll_handle_reset
                0x000022de                ll_reset
                0x000022f2                ll_update_device_fsm
                0x000022fa                ll_get_my_role
                0x00002308                ll_handle_set_random_address
                0x00002344                ll_get_default_tx_oxtets
                0x0000234a                ll_get_default_tx_time
                0x00002364                ll_handle_read_maximum_data_length_command
                0x0000239e                ll_handle_read_resolvable_private_address_command
                0x000023f0                ll_handle_set_address_resolution_enable_command
                0x00002400                ll_handle_set_resolvable_private_address_timeout_command
                0x00002410                ll_get_resolving_list_free_index
                0x00002432                ll_add_device_in_local_resolving_list
                0x00002454                ll_handle_add_device_in_resolving_list
                0x0000249e                ll_handle_remove_device_from_resolving_list
                0x000024c8                ll_handle_clear_resolving_list
                0x000024e2                ll_get_max_resolving_list_size
                0x000024e6                ll_search_peer_identity_addr
                0x00002534                ll_get_max_white_list_size
                0x00002544                ll_get_adv_ch_tx_power
                0x00002564                ll_handle_clear_whitelist
                0x0000257a                ll_handle_add_device_in_whitelist
                0x000025b4                ll_handle_remove_device_in_whitelist
                0x000025de                ll_update_channel_map
                0x00002624                ll_process_pending_channel_update
                0x0000264c                ll_handle_read_host_channel_map
                0x00002650                ll_handle_encrypt_host_data
                0x0000268a                pf_encrypt_host_data
                0x000026a6                ll_handle_start_receiver_test
                0x000026c2                ll_handle_start_transmitter_test
                0x000026e8                ll_handle_test_test_end
                0x00002720                ll_get_data_channel_map
                0x0000274a                ll_get_transmit_power_level
                0x00002778                ll_get_rssi_value
                0x000027d6                ll_handle_host_data_packet
                0x0000282a                ll_load_host_data_packet
                0x00002862                ll_handle_set_host_channel_map
                0x00002894                ll_mark_packet_ready_for_tx
                0x000028aa                ll_load_packet_to_fifo
                0x0000293e                ll_get_ack_status
                0x00002970                ll_process_acks
                0x000029e0                ll_handle_ack_received
                0x00002a36                pf_le_start_timer
                0x00002a4c                pf_le_stop_timer
                0x00002a60                ll_derive_window_size
                0x00002a6c                ll_derive_window_offset
                0x00002a70                ll_get_ack_status_for_all_connections
                0x00002a9e                ll_get_active_power_status
 .text          0x00002b34      0x3b4 C:\Users\dav\Documents\MCUXpressoIDE_10.2.1_795\workspace\frdmkw41z_wireless_examples_bluetooth_heart_rate_sensor_freertos\libs\lib_ble_kw41z_controller.a(ll_advertiser.o)
                0x00002b34                ll_handle_adv_intr
                0x00002c18                ll_init_advertiser
                0x00002c78                ll_handle_set_adv_parameters
                0x00002d32                ll_handle_set_adv_data
                0x00002d3c                ll_handle_set_scan_resp_data
                0x00002d56                ll_handle_set_advertise_enable
                0x00002dec                ll_is_whitelist_in_use_by_advertiser
                0x00002dfe                ll_is_resolving_list_in_use_by_advertiser
                0x00002e10                ll_is_random_address_in_use_by_advertiser
                0x00002e22                ll_get_adv_type
                0x00002e3a                ll_get_adv_status
                0x00002e46                ll_adv_is_configured_connection_adv
                0x00002e5c                lec_send_single_adv
                0x00002eb0                lec_single_adv_complete
 .text          0x00002ee8     0x2fc0 C:\Users\dav\Documents\MCUXpressoIDE_10.2.1_795\workspace\frdmkw41z_wireless_examples_bluetooth_heart_rate_sensor_freertos\libs\lib_ble_kw41z_controller.a(ll_connection.o)
                0x00002ee8                ll_conn_fsm_update_state
                0x00002eec                ll_conn_fsm_update_enc_state
                0x00002ef2                ll_conn_fsm_update_dle_update_state
                0x00002ef8                ll_conn_fsm_update_conn_update_state
                0x00002efe                ll_conn_fsm_update_channel_state
                0x00002f04                ll_init_connection
                0x00002f54                ll_allocate_connection
                0x00002f8e                ll_release_conn_index
                0x00002fa4                ll_get_connection_entity
                0x00002fc6                ll_handle_disconnect_cmd
                0x0000301a                ll_fsm_handle_conn_failure_ind
                0x0000301e                ll_fsm_handle_sup_timeout_ind
                0x0000303a                ll_fsm_handle_conn_established_ind
                0x000030ce                ll_fsm_handle_start_of_conn_interval
                0x000030d0                ll_fsm_handle_end_of_conn_interval
                0x000030e4                ll_handle_rx_ind
                0x000030ec                ll_handle_ack_ind
                0x000030f4                ll_handle_update_channel_map_ind
                0x00003124                ll_handle_conn_failed_ind
                0x00003156                ll_handle_conn_update_ind
                0x000031b4                ll_packet_rx_callback
                0x000031c6                ll_handle_conn_interrupt
                0x00003334                ll_fsm_move_to_disconnected_state
                0x000033d6                ll_fsm_handle_disconnecting_state
                0x000033ec                ll_fsm_handle_pdu_response_timeout
                0x0000340c                ll_handle_remote_version_cmd
                0x000034c8                ll_handle_data_pdu_ack_received
                0x000034d4                ll_handle_incoming_data_packet
                0x000034de                ll_generate_connection_complete
                0x0000363c                ll_generate_disconnection_complete
                0x0000364a                ll_extract_pdu_opcode
                0x0000364e                ll_conn_store_pending_tx_pdu
                0x00003666                ll_send_pdu
                0x00003758                ll_convert_hci_llid_to_ll_llid_host_to_controller
                0x00003764                ll_convert_ll_llid_to_hci_llid_controller_to_host
                0x00003766                ll_get_llid_loaded_to_llh
                0x00003778                ll_conn_update_rssi
                0x00003780                ll_process_rx_packet
                0x0000392a                ll_handle_incoming_packet
                0x000039c0                ll_count_access_code_transitions
                0x000039ec                ll_is_valid_access_address
                0x00003a48                is_le_connection_handle
                0x00003a6c                le_get_connection_index
                0x00003a72                le_assign_connection_handle
                0x00003a9a                ll_decrement_rx_packet_count
                0x00003aa4                ll_handle_acl_tx_complete
                0x00003ad8                ll_is_data_paused
                0x00003ae4                ll_pause_data_tx_fifo_index
                0x00003af8                ll_resume_data_tx_fifo_index
                0x00003b28                ll_pause_data_transfer
                0x00003b30                ll_resume_data_transfer
                0x00003b38                ll_is_random_address_in_use_by_initiator
                0x00003b64                ll_is_white_list_in_use_by_initiator
                0x00003b94                ll_handle_connection_update_command_internal
                0x00003cb8                ll_is_initiator_connecting_state
                0x00003ce0                ll_handle_init_interrupt
                0x00003d9c                ll_handle_create_connection_command
                0x00003efe                ll_conn_start_initiation
                0x00003f1a                ll_handle_create_conn_cancel_command
                0x00003f5e                ll_init_initiator
                0x00003f7e                ll_handle_master_conn_created_ind
                0x00003ff4                ll_handle_read_remote_features_command
                0x00004070                ll_is_conn_update_channel_map_pending
                0x00004082                ll_conn_fsm_update_channel_map
                0x000040e6                ll_handle_connection_update_command
                0x000040f0                ll_program_connection_params
                0x00004202                ll_derive_data_channel_map
                0x00004268                ll_handle_slave_conn_created_ind
                0x0000431c                ll_decode_and_program_connect_req
                0x00004408                ll_calculate_drift
                0x00004430                g_slave_clock_accuracy
                0x00004440                ll_can_allow_incoming_connection_update
                0x00004482                ll_init_link_for_encryption
                0x0000449c                ll_enc_fsm_derive_session_key
                0x000044e4                ll_enc_handle_ll_terminate_pdu
                0x000044fa                ll_increment_tx_packet_counter
                0x00004512                ll_increment_rx_packet_counter
                0x0000452a                ll_encrypt_ll_pdu
                0x000045b2                ll_encrypt_packet
                0x0000464c                ll_decrypt_ll_pdu
                0x000046d2                ll_decrypt_packet
                0x0000475a                ll_enc_handle_enc_complete
                0x000047de                ll_enc_handle_enc_failure
                0x000048aa                ll_enc_handle_ll_unknown_resp_pdu_cb
                0x000048cc                ll_enc_handle_ll_reject_pdu_cb
                0x000048f0                ll_process_start_enc
                0x00004932                ll_handle_start_encrypt_cmd
                0x000049f2                ll_enc_handle_master_await_to_start_cb
                0x00004a4e                ll_enc_handle_master_enc_resp_cb
                0x00004a64                ll_enc_handle_master_start_enc_req_cb
                0x00004a98                ll_enc_handle_master_start_enc_resp_cb
                0x00004aa0                ll_enc_handle_master_await_to_pause_cb
                0x00004ada                ll_enc_handle_master_pause_enc_resp_cb
                0x00004b0e                ll_enc_handle_master_pause_enc_resp_ack
                0x00004b18                ll_enc_handle_slave_await_to_start_cb
                0x00004b9c                ll_enc_handle_slave_enc_resp_ack_cb
                0x00004bc4                ll_enc_handle_slave_ltk_neg_reply_cb
                0x00004c1e                ll_enc_handle_slave_reject_ind_ack_cb
                0x00004c40                ll_enc_handle_slave_start_enc_resp_cb
                0x00004c74                ll_enc_handle_slave_start_enc_resp_ack_cb
                0x00004c7c                ll_enc_handle_slave_pause_enc_req_cb
                0x00004cc2                ll_enc_handle_slave_pause_enc_resp_cb
                0x00004cd2                ll_send_ltk_req_event_to_host
                0x00004cee                ll_enc_send_start_encryption_request
                0x00004d28                ll_handle_ltk_req_reply
                0x00004d80                ll_handle_ltk_negative_reply
                0x00004db4                ll_update_md_bit
                0x00004de4                ll_update_quick_transmit
                0x00004e22                ll_calculate_and_program_def_win_widen_drift
                0x00004e3c                ll_is_pending_tx_packets
                0x00004e4e                ll_conn_handle_ready_ind
                0x00004e9c                ll_conn_handle_ping_timer_nearly_expired_interrupt
                0x00004eac                ll_conn_handle_ping_timer_expired_interrupt
                0x00004eb6                ll_conn_send_ping_req_pdu
                0x00004ef0                ll_conn_program_authenticated_payload_timer
                0x00004f50                ll_handle_read_authenticated_payload_timeout_cmd
                0x00004f90                ll_handle_write_authenticated_payload_timeout_cmd
                0x00004ff8                ll_conn_is_to_move_anchor_point
                0x000050e4                ll_conn_perform_anchor_point_move
                0x00005148                ll_handle_remote_connection_parameter_request_reply_command
                0x000051b2                ll_handle_remote_connection_parameter_request_negative_reply_command
                0x000051f0                ll_derive_new_connection_param
                0x00005336                ll_is_dle_procedure_allowed
                0x0000536c                ll_handle_set_data_length_command
                0x000053f6                ll_process_set_data_len_cmd
                0x00005428                ll_handle_write_suggested_def_data_len_command
                0x00005440                ll_get_dle_effective_max_tx_octets
                0x00005454                ll_conn_is_data_len_update_in_progress
                0x00005460                ll_conn_is_data_len_update_pending
                0x00005484                ll_perform_feature_exchange
                0x00005552                ll_conn_send_connection_update
                0x000055f4                ll_conn_send_conn_param_request
                0x00005644                ll_conn_send_conn_param_response
                0x0000568e                ll_generate_remote_conn_param_req_event
                0x000056b2                ll_clear_remote_conn_update_params
                0x000056c2                ll_clear_local_conn_update_params
                0x000056ce                ll_store_conn_update_cmd_params
                0x000056e8                ll_get_time_for_octets
                0x000056f0                ll_conn_dle_backup_effective_octets
                0x0000570e                ll_derive_dle_params
                0x000057a0                ll_conn_send_length_req
                0x000057e4                ll_conn_send_length_rsp
                0x00005838                ll_load_default_dle_params
                0x00005880                ll_get_enc_txn_info
                0x000058a0                ll_conn_free_enc_txn_buffer
                0x000058b6                ll_process_pending_transactions
                0x000058d8                ll_conn_process_pending_transactions
                0x000059c8                ll_process_len_req
                0x000059ea                ll_process_conn_update_cmd
                0x00005a54                ll_process_conn_param_req
                0x00005ac2                ll_is_encryption_in_progress
                0x00005ada                ll_is_conn_update_in_progress
                0x00005ae6                ll_conn_is_channel_map_update_in_progress
                0x00005af6                ll_conn_is_read_remote_feature_in_progress
                0x00005b04                ll_is_conn_created
                0x00005b12                ll_is_conn_considered_for_derive_params
                0x00005b24                ll_retrieve_conn_initiation_in_progress
                0x00005b2e                ll_retrieve_connectable_adv_conneciton
                0x00005b38                ll_retrieve_conneciton_in_state
                0x00005b5a                ll_conn_handle_direct_adv_timeout
                0x00005b8a                ll_conn_handle_stop_connectable_adv
                0x00005b9c                ll_conn_is_dedicated_fifo_free
                0x00005bb2                ll_get_next_available_fifo_for_data_pdu
                0x00005c0c                ll_get_next_available_fifo_for_ll_pdu
                0x00005c32                ll_conn_get_pdu_index
                0x00005c38                ll_is_tx_fifo_free
                0x00005c52                ll_conn_var_get_active_map_index
                0x00005c5a                ll_conn_var_set_active_map_index
                0x00005c6a                ll_conn_var_get_role
                0x00005c70                ll_conn_var_set_role
                0x00005c7e                ll_conn_fifo_get_tx_acl_data_octets
                0x00005c90                ll_acl_queue_enqueue_tx_acl_pkt
                0x00005cd0                ll_acl_queue_get_next_tx_acl_pkt
                0x00005d7a                ll_acl_queue_process_ack_received
                0x00005de6                ll_cleanup_pending_data_pdu
                0x00005e14                ll_acl_queue_send_pending_tx_acl_pkts
                0x00005e6e                ll_acl_queue_device_send_pending_tx_pkts
 .text          0x00005ea8       0x2e C:\Users\dav\Documents\MCUXpressoIDE_10.2.1_795\workspace\frdmkw41z_wireless_examples_bluetooth_heart_rate_sensor_freertos\libs\lib_ble_kw41z_controller.a(ll_isr.o)
                0x00005ea8                Controller_InterruptHandler
 *fill*         0x00005ed6        0x2 
 .text          0x00005ed8     0x137e C:\Users\dav\Documents\MCUXpressoIDE_10.2.1_795\workspace\frdmkw41z_wireless_examples_bluetooth_heart_rate_sensor_freertos\libs\lib_ble_kw41z_controller.a(ll_pdu.o)
                0x00005ed8                ll_conn_configure_auto_data_length_exchange
                0x00005f0c                ll_generate_le_rd_remote_used_feat_event
                0x00005f32                ll_handle_conn_update_failure
                0x00005f64                ll_handle_failure_during_conn_update
                0x00005f76                ll_generate_update_complete_event
                0x00005fa8                ll_conn_handle_reject_conn_param_update_pdus
                0x00005ff2                ll_conn_update_is_local_change
                0x00006084                ll_program_channel_map_update
                0x0000611c                ll_handle_ll_pdu_ack_received
                0x00006144                fp_ll_pdu_ack_handlers
                0x0000619c                ll_send_pending_pdu
                0x0000620c                ll_process_ll_pdu
                0x0000622c                ll_handle_incoming_ll_pdu
                0x00006268                fp_ll_pdu_handlers
                0x000062c0                ll_send_terminate_pdu
                0x000062f8                ll_send_unknown_response_pdu
                0x0000630a                ll_send_conn_update_pdu
                0x0000638a                ll_send_channel_update_pdu
                0x000063dc                ll_send_feature_request_pdu
                0x000063f0                ll_handle_conn_update_request_pdu_ack
                0x000063f2                ll_handle_channel_update_request_pdu_ack
                0x000063f4                ll_handle_feature_request_pdu_ack
                0x000063f6                ll_handle_feature_response_pdu
                0x00006440                ll_send_feature_response_pdu
                0x0000645e                ll_handle_conn_update_pdu
                0x00006502                ll_handle_channel_update_pdu
                0x00006564                ll_handle_feature_request_pdu
                0x000065c4                ll_handle_feature_response_pdu_ack
                0x000065c6                ll_send_version_indication_pdu
                0x000065f0                ll_send_reject_indication_pdu
                0x00006638                ll_handle_terminate_pdu
                0x00006682                ll_handle_dle_unknown_rsp_pdu
                0x000066ac                ll_handle_length_req_pdu
                0x000066fc                ll_handle_length_rsp_pdu
                0x0000675c                ll_handle_unknown_response_pdu
                0x000067ce                ll_handle_version_indication_pdu
                0x00006908                ll_handle_reject_indication_pdu
                0x00006912                ll_allocate_send_unknown_rsp_pdu
                0x00006932                ll_handle_unknown_pdu
                0x00006950                ll_handle_terminate_request_pdu_ack
                0x0000696e                ll_handle_unknown_response_pdu_ack
                0x00006970                ll_handle_version_indication_pdu_ack
                0x00006972                ll_handle_reject_indication_pdu_ack
                0x0000697a                ll_send_start_encryption_response_pdu
                0x00006984                ll_send_pause_encryption_response_pdu
                0x0000699a                ll_handle_start_encryption_response_pdu
                0x000069b6                ll_handle_pause_encryption_response_pdu
                0x000069d8                ll_handle_start_encryption_response_pdu_ack
                0x000069f8                ll_handle_pause_encryption_response_pdu_ack
                0x00006a1e                ll_send_encryption_request_pdu
                0x00006a64                ll_handle_encryption_response_pdu
                0x00006a9c                ll_handle_start_encryption_request_pdu
                0x00006aae                ll_send_pause_encryption_request_pdu
                0x00006ab8                ll_handle_encryption_request_pdu_ack
                0x00006aba                ll_handle_pause_encryption_request_pdu_ack
                0x00006ace                ll_send_encryption_response_pdu
                0x00006af8                ll_send_start_encryption_request_pdu
                0x00006b02                ll_handle_encryption_request_pdu
                0x00006bb8                ll_handle_pause_encryption_request_pdu
                0x00006bce                ll_handle_encryption_response_pdu_ack
                0x00006bd6                ll_handle_start_encryption_request_pdu_ack
                0x00006bde                ll_send_ping_req_pdu
                0x00006be8                ll_send_ping_rsp_pdu
                0x00006c00                ll_handle_ping_req_pdu
                0x00006c3a                ll_handle_ping_rsp_pdu
                0x00006c44                ll_get_conn_update_txn_info
                0x00006c74                ll_fill_connection_param_req_rsp_pdu
                0x00006cec                ll_send_connection_param_req_pdu
                0x00006d00                ll_validate_conn_param_req_rsp_pdu
                0x00006d48                ll_extract_conn_param_req_rsp_pdu
                0x00006dd4                ll_handle_connection_param_req_pdu
                0x00006e92                ll_send_connection_param_rsp_pdu
                0x00006ea6                ll_handle_connection_param_rsp_pdu
                0x00006f1a                ll_send_slave_feature_req_pdu
                0x00006f4e                ll_handle_slave_feature_req_pdu
                0x00006ff8                ll_allocate_send_reject_ind_ext_pdu
                0x00007022                ll_send_reject_ind_ext_pdu
                0x0000703c                ll_handle_reject_ind_ext_pdu
                0x000070d0                ll_handle_reject_ind_ext_pdu_ack
                0x000070d8                ll_send_length_req_pdu
                0x000070e2                ll_extract_len_req_rsp_pdu
                0x0000710c                ll_send_length_rsp_pdu
                0x00007158                ll_handle_length_rsp_pdu_ack
                0x00007180                ll_conn_enqueue_pending_pdu
                0x000071b4                ll_conn_dequeue_pending_pdu
                0x000071f0                ll_conn_is_available_pending_pdu
                0x00007200                ll_conn_init_pending_pdu
                0x0000720c                ll_generate_data_len_change_event
 *fill*         0x00007256        0x2 
 .text          0x00007258      0xa94 C:\Users\dav\Documents\MCUXpressoIDE_10.2.1_795\workspace\frdmkw41z_wireless_examples_bluetooth_heart_rate_sensor_freertos\libs\lib_ble_kw41z_controller.a(ll_policies.o)
                0x00007258                ll_derive_params
                0x00007260                ll_derive_adv_interval
                0x00007268                ll_derive_ce_length_for_slave
                0x0000728c                ll_derive_instant_for_create_conn
                0x000072d2                ll_find_first_instant_for_create_conn
                0x0000739c                ll_derive_connection_interval_range
                0x000073f2                ll_derive_connection_interval
                0x00007406                ll_derive_ce_length_for_master
                0x00007448                ll_derive_num_slots_for_octets
                0x0000746a                ll_derive_latency
                0x0000746c                ll_derive_sutimeout
                0x0000746e                ll_derive_reference_conn_event_count
                0x00007488                ll_is_acceptable_offset
                0x00007518                ll_conn_derive_other_connection_intervals
                0x00007564                ll_get_next_conn_instants_from_req_clk
                0x00007656                ll_get_local_remote_req_clk
                0x000076b8                ll_get_offsets_local_and_host_rcec_present
                0x0000776c                ll_get_offsets_only_remote_rcec_present
                0x00007904                ll_get_offsets_remote_absent_or_not_acceptable
                0x00007a94                ll_derive_offsets
                0x00007bce                ll_derive_offset0
                0x00007c38                ll_derive_preferred_periodicity
                0x00007c68                ll_derive_update_instant
 .text          0x00007cec      0x3fa C:\Users\dav\Documents\MCUXpressoIDE_10.2.1_795\workspace\frdmkw41z_wireless_examples_bluetooth_heart_rate_sensor_freertos\libs\lib_ble_kw41z_controller.a(ll_scanner.o)
                0x00007cec                ll_handle_scan_interrupt
                0x00007d70                ll_reset_scan_fifo
                0x00007db2                ll_init_scanner
                0x00007dea                ll_handle_set_scan_parameters
                0x00007e56                ll_handle_set_scan_enable
                0x00007e9a                ll_scan_skip_adv_pkt
                0x00007ed8                ll_get_le_adv_pkt
                0x000080a4                ll_is_whitelist_in_use_by_scanner
                0x000080b6                ll_is_resolving_list_in_use_by_scanner
                0x000080c8                ll_is_random_address_in_use_by_scanner
                0x000080da                ll_get_scan_status
 *fill*         0x000080e6        0x2 
 .text          0x000080e8      0x360 C:\Users\dav\Documents\MCUXpressoIDE_10.2.1_795\workspace\frdmkw41z_wireless_examples_bluetooth_heart_rate_sensor_freertos\libs\lib_ble_kw41z_controller.a(ll_tasks.o)
                0x000080e8                llh_isr_handler
                0x00008340                ll_task_handler
                0x000083d8                ll_decode_interrupt_type
 .text          0x00008448      0x596 C:\Users\dav\Documents\MCUXpressoIDE_10.2.1_795\workspace\frdmkw41z_wireless_examples_bluetooth_heart_rate_sensor_freertos\libs\lib_ble_kw41z_controller.a(ll_utils.o)
                0x00008448                ll_is_random_address_in_use
                0x0000846a                ll_is_address_translation_enabled
                0x0000847a                ll_is_resolving_list_in_use
                0x00008490                ll_is_white_list_in_use
                0x000084b2                ll_get_event_param_buffer
                0x000084b6                ll_init_lfsr
                0x000084ec                pf_get_lfsr_random_number
                0x00008520                ll_get_crc_init
                0x0000852c                ll_get_access_address
                0x00008540                ll_get_local_sca
                0x00008548                ll_get_hop_increment
                0x0000856c                ll_get_nearest_instant
                0x0000858c                ll_pack_ccm_nonce
                0x000085c2                ll_unpack_ccm_nonce
                0x0000860a                ll_encrypt
                0x00008632                ll_ccm_load_inputs
                0x00008682                ll_encryption_aes_ccm_mode
                0x000086be                ll_decryption_aes_ccm_mode
                0x000086fa                le_write_conn_index
                0x00008706                le_conn_read_register
                0x00008718                le_conn_write_register
                0x0000872e                ll_is_operation_allowed
                0x00008732                ll_util_get_best_range
                0x0000879c                ll_util_get_least_ci_multiple
                0x00008834                bt_le_sort_ascending_order
                0x00008880                bt_le_is_contain_multiples
                0x000088ae                bt_le_find_abs_distance
                0x000088ba                bt_le_get_lcm
                0x000088e8                bt_le_get_lcm_of_n_numbers
                0x0000890c                bt_le_get_min_value
                0x00008938                bt_le_get_min_value_32bit
                0x00008964                ll_get_pref_periodicity
                0x000089c6                ll_get_max_val
                0x000089d2                ll_get_min_val
 *fill*         0x000089de        0x2 
 .text          0x000089e0       0x68 C:\Users\dav\Documents\MCUXpressoIDE_10.2.1_795\workspace\frdmkw41z_wireless_examples_bluetooth_heart_rate_sensor_freertos\libs\lib_ble_kw41z_controller.a(llf_task.o)
                0x000089e0                Controller_TaskHandler
 .text          0x00008a48     0x1554 C:\Users\dav\Documents\MCUXpressoIDE_10.2.1_795\workspace\frdmkw41z_wireless_examples_bluetooth_heart_rate_sensor_freertos\libs\lib_ble_kw41z_controller.a(llh_api.o)
                0x00008a48                ll_enable_interrupt_type
                0x00008a4e                ll_enable_interrupt
                0x00008a8c                ll_disable_interrupt_type
                0x00008a9e                ll_disable_interrupt
                0x00008ad0                ll_clear_interrupt_type
                0x00008ad8                ll_clear_interrupt
                0x00008b12                llh_perform_llh_soft_reset
                0x00008bd8                llh_reset
                0x00008d94                llh_restore
                0x00008db2                llh_set_adv_parameters
                0x00008df0                llh_set_adv_data
                0x00008e0c                llh_set_scan_resp_data
                0x00008e28                llh_set_advertise_enable
                0x00008e7c                llh_set_advertise_disable
                0x00008e94                llh_read_adv_ind_report_header
                0x00008e98                llh_get_adv_scan_resp_data
                0x00008ea8                llh_read_rssi_from_scan_fifo
                0x00008eb2                llh_read_index_from_scan_fifo
                0x00008eb6                llh_cleanup_adv_scan_resp_data
                0x00008ec8                llh_set_scan_parameters
                0x00008f0a                llh_set_scan_enable
                0x00008f78                llh_set_scan_disable
                0x00008ff0                llh_program_init_params
                0x000090a4                llh_set_conn_update_parameters
                0x000090ec                llh_set_ce_length
                0x000090f8                llh_set_su_to
                0x00009104                llh_set_conn_window_parameters
                0x00009118                llh_conn_read_rssi
                0x00009124                llh_update_slave_latency
                0x00009130                llh_config_conn_as_master
                0x00009136                llh_config_conn_as_slave
                0x00009144                llh_create_connection
                0x000091a0                llh_create_connection_cancel
                0x000091b2                llh_terminate_connection
                0x000091ba                llh_terminate_connection_after_tx
                0x000091ca                llh_mark_packet_for_transmission
                0x000091f0                llh_update_data_descriptor
                0x00009212                llh_load_data_to_connection_fifo
                0x00009250                llh_get_tx_fifo_address
                0x0000926c                llh_get_rx_fifo_address
                0x00009272                llh_clear_ack
                0x0000927e                llh_clear_sent_status
                0x0000928a                llh_clear_pkt
                0x0000929e                llh_calculate_instant
                0x000092a4                llh_get_distance_to_instant
                0x000092ae                llh_get_abs_distance_to_instant
                0x000092c4                llh_get_distance_to_instant_with_max_limit
                0x000092d8                llh_is_instant_passed
                0x0000930c                llh_is_conn_instant_passed
                0x0000931e                llh_derive_instant
                0x0000932c                llh_get_current_ce_count
                0x00009336                llh_update_channel_map
                0x0000936a                llh_program_channel_map_instant
                0x0000937c                llh_load_channel_map
                0x000093c4                llh_read_channel_map
                0x000093fa                llh_program_connection_update_instant
                0x00009418                llh_initialize_tx_fifo_index
                0x00009424                llh_handle_master_conn_created_ind
                0x00009426                llh_handle_slave_conn_created_ind
                0x00009434                llh_program_window_widen_interval
                0x0000946c                llh_program_window_widen_winoffset
                0x00009482                llh_decrement_rx_packet_count
                0x0000948a                llh_update_md_bit
                0x000094a2                llh_ccm_load_pkt_counter
                0x000094c8                llh_ccm_load_initialization_vector
                0x00009510                llh_ccm_config_mic_params
                0x00009522                llh_load_encryption_key
                0x00009534                llh_load_encryption_engine_input
                0x00009554                llh_read_encryption_engine_output
                0x00009574                llh_process_encryption_engine_cmd
                0x000095ca                llh_load_mic_input
                0x000095ee                llh_read_mic_output
                0x00009616                llh_reset_whitelist
                0x0000962c                llh_add_device_in_whitelist
                0x0000968a                llh_remove_device_from_white_list
                0x0000969c                llh_search_whitelist_for_dup_entry
                0x00009754                llh_search_whitelist_for_free_index
                0x000097a0                llh_set_peer_address
                0x000097ea                llh_set_random_address
                0x0000981a                llh_get_random_address
                0x00009844                llh_set_device_address
                0x00009874                llh_get_peer_address
                0x000098ba                llh_get_peer_address_type
                0x000098e0                llh_config_rpa_timer
                0x000098ee                llh_get_resolve_list_validity_reg_value
                0x000098fc                llh_modify_rpa_seed_value
                0x00009942                llh_generate_rpa
                0x00009948                llh_set_address_resolution_enable
                0x00009992                llh_set_resolvable_private_address_timeout
                0x000099b8                llh_get_rpa_address
                0x000099f0                llh_write_to_list
                0x00009a24                llh_read_from_list
                0x00009a54                llh_add_device_in_resolving_list
                0x00009aac                llh_remove_device_from_resolving_list
                0x00009abe                llh_update_reg_field
                0x00009ae4                llh_clear_device_from_resolving_list
                0x00009af4                llh_program_dtm_tx_test
                0x00009b5a                llh_program_dtm_rx_test
                0x00009bae                llh_stop_dtm
                0x00009c00                llh_program_conn_request
                0x00009c12                llh_enter_critical_section
                0x00009c20                llh_exit_critical_section
                0x00009c2c                llh_clear_fifo_descriptor
                0x00009c3e                llh_enc_clk_off
                0x00009c46                llh_enc_clk_on
                0x00009c48                llh_set_clock_config_wakeup
                0x00009c70                llh_enter_power_save_mode
                0x00009cb8                llh_exit_power_save_mode
                0x00009cd0                llh_enter_sm
                0x00009cd8                llh_exit_sm
                0x00009ce0                llh_enter_dsm
                0x00009cf0                llh_enter_auto_dsm
                0x00009d4a                llh_config_wakeup_instant
                0x00009d54                llh_is_llh_inactive
                0x00009d62                llh_exit_dsm
                0x00009d64                llh_clear_exit_sm
                0x00009d66                llh_get_current_instant_clk
                0x00009d6e                llh_get_next_adv_instant
                0x00009d76                llh_get_next_scan_instant
                0x00009d7e                llh_get_next_init_instant
                0x00009d86                llh_get_next_connection_instant
                0x00009d90                llh_start_pdu_rsp_timer
                0x00009dae                llh_stop_pdu_rsp_timer
                0x00009db8                llh_get_lmp_pdu_rsp_instant
                0x00009dc2                llh_get_supervision_timer_instant
                0x00009dcc                llh_get_conn_params
                0x00009e04                llh_set_llh_quick_tx_feature_config
                0x00009e2e                llh_set_sl_connection_interval
                0x00009e40                llh_get_conn_interval
                0x00009e4a                llh_get_conn_slave_latency
                0x00009e54                llh_conn_set_suto_ci_ratio
                0x00009e62                llh_set_adv_connection_index
                0x00009e82                llh_get_adv_connection_index
                0x00009e94                llh_enable_authenticated_timer
                0x00009ec6                llh_program_authenticated_timer
                0x00009ef6                llh_is_ping_timer_next_exp_valid
                0x00009efa                llh_get_ping_timer_next_exp
                0x00009f08                llh_set_llh_device_register_bits
                0x00009f2e                llh_retention_restore
                0x00009f30                llh_retention_store
                0x00009f32                llh_enable_idle_interrupt
                0x00009f34                llh_get_max_rx_octets_supported
                0x00009f38                llh_get_max_tx_octets_supported
                0x00009f3c                le_read_conn_fifo
 .text          0x00009f9c       0x8e C:\Users\dav\Documents\MCUXpressoIDE_10.2.1_795\workspace\frdmkw41z_wireless_examples_bluetooth_heart_rate_sensor_freertos\libs\lib_ble_kw41z_controller.a(llh_utils.o)
                0x00009f9c                llh_get_ack_status
                0x00009fa6                llh_get_tx_sent_status
                0x00009fb0                llh_get_data_descriptor_address
                0x00009fb8                le_conn_write_register_field
                0x00009fd2                le_write_register_field
                0x00009ffe                le_conn_set_register_bit
                0x0000a014                le_set_register_bit
 .text          0x0000a02a        0x2 C:\Users\dav\Documents\MCUXpressoIDE_10.2.1_795\workspace\frdmkw41z_wireless_examples_bluetooth_heart_rate_sensor_freertos\libs\lib_ble_kw41z_controller.a(platform_abs.o)
                0x0000a02a                pf_init_abs_layer
 .text          0x0000a02c      0x1b4 C:\Users\dav\Documents\MCUXpressoIDE_10.2.1_795\workspace\frdmkw41z_wireless_examples_bluetooth_heart_rate_sensor_freertos\libs\lib_ble_kw41z_controller.a(platform_board_init.o)
                0x0000a02c                pfd_init
                0x0000a0e2                pfd_set_rf_power_level
                0x0000a130                pfd_delay
                0x0000a152                pfd_get_initial_rng_seed
                0x0000a156                pfd_get_rng_seed
                0x0000a15e                pfd_set_random_address_notification
                0x0000a160                pfd_llh_reset
                0x0000a16c                pfd_llh_store_lp_mode
                0x0000a184                pfd_llh_restore_lp_mode
                0x0000a1d4                pfd_enter_dsm
                0x0000a1d6                pfd_exit_dsm
                0x0000a1d8                pfd_clear_exit_dsm
                0x0000a1da                pfd_cpu_enter_ps_mode
 .text          0x0000a1e0       0xf4 C:\Users\dav\Documents\MCUXpressoIDE_10.2.1_795\workspace\frdmkw41z_wireless_examples_bluetooth_heart_rate_sensor_freertos\libs\lib_ble_kw41z_controller.a(platform_llh_interface.o)
                0x0000a1e0                pfd_read_llh_register
                0x0000a1e8                pfd_write_llh_register
                0x0000a1f0                pfd_read_llh_fifo
                0x0000a21e                pfd_write_llh_fifo
                0x0000a258                pfd_read_llh_memory
                0x0000a298                pfd_write_llh_memory
 .text          0x0000a2d4      0x218 C:\Users\dav\Documents\MCUXpressoIDE_10.2.1_795\workspace\frdmkw41z_wireless_examples_bluetooth_heart_rate_sensor_freertos\libs\lib_ble_kw41z_controller.a(platform_power_save.o)
                0x0000a2d4                pf_retention_store
                0x0000a2dc                pfd_get_local_sca
                0x0000a2e6                pfd_isr_exit_power_save_mode
                0x0000a2f2                pf_handle_power_save_exit
                0x0000a318                pfd_exit_power_save_mode
                0x0000a35c                pfd_get_active_power_status
                0x0000a382                pf_set_device_active_status
                0x0000a388                pf_set_device_shutdown_status
                0x0000a38e                pfd_get_max_sleep_duration
                0x0000a392                pfd_enter_auto_dsm
                0x0000a3ac                pfd_enter_power_save_mode
                0x0000a492                pf_power_mgr_init
                0x0000a4a4                pf_idle_hook
                0x0000a4ba                pf_is_restore_on
                0x0000a4ca                pf_retention_get_status
                0x0000a4d0                pf_retention_set_status
 .text          0x0000a4ec      0x2cc C:\Users\dav\Documents\MCUXpressoIDE_10.2.1_795\workspace\frdmkw41z_wireless_examples_bluetooth_heart_rate_sensor_freertos\libs\lib_ble_kw41z_controller.a(platform_rf_driver.o)
                0x0000a4ec                pfd_rf_gen_interface
                0x0000a554                pfd_rf_write_reg
                0x0000a58e                pfd_rf_read_reg
                0x0000a5fe                pfd_rf_init
                0x0000a636                pfd_rf_reset
                0x0000a668                pfd_rf_get_rssi
                0x0000a66a                pfd_rf_get_abs_rssi_in_dbm
                0x0000a670                pfd_rf_get_tx_power_in_dbm
                0x0000a680                pfd_rf_get_tx_power
                0x0000a68c                pfd_rf_read_rssi_val
                0x0000a6b8                rf_param_hardcoded
 .text          0x0000a7b8      0x5b0 C:\Users\dav\Documents\MCUXpressoIDE_10.2.1_795\workspace\frdmkw41z_wireless_examples_bluetooth_heart_rate_sensor_freertos\libs\lib_ble_kw41z_controller.a(platform_vendor_cmds.o)
                0x0000a7b8                pfd_convert_vendor_command_params
                0x0000a826                pfd_handle_vendor_commands
                0x0000a8ca                handle_hci_vendor_shutdown_cmd
                0x0000a8ce                handle_hci_vendor_sleep_cmd
                0x0000a8de                handle_hci_vendor_wakeup_cmd
                0x0000a8e2                handle_hci_vendor_read_platform_reg
                0x0000a93e                handle_hci_vendor_write_platform_reg
                0x0000a94a                handle_hci_vendor_write_config_complete
                0x0000a94e                lec_hci_convert_read_pf_reg_command
                0x0000a96c                lec_hci_convert_write_pf_reg_command
                0x0000a9a6                lec_hci_convert_config_write_complete_command
                0x0000a9ac                pf_read_platform_reg
                0x0000a9b4                pf_write_platform_reg
                0x0000a9c2                pf_handle_write_config_complete_ind
                0x0000a9c6                pfd_shutdown
                0x0000a9c8                pfd_sleep
                0x0000a9ca                pfd_wakeup
                0x0000a9cc                lec_hci_convert_set_bd_addr_cmd
                0x0000a9da                lec_hci_handle_set_bd_addr_cmd
                0x0000a9f2                lec_hci_convert_vendor_start_dtm_tx_cmd
                0x0000aa0c                lec_hci_convert_vendor_start_dtm_rx_cmd
                0x0000aa12                lec_hci_convert_vendor_config_tx_power_cmd
                0x0000aa1c                lec_hci_handle_vendor_start_dtm_tx_cmd
                0x0000aa74                lec_hci_handle_vendor_start_dtm_rx_cmd
                0x0000aa98                lec_hci_handle_vendor_test_end_cmd
                0x0000aada                hci_le_generate_vendor_test_end_cmd_complete_event
                0x0000ab24                lec_hci_handle_vendor_config_tx_power_cmd
                0x0000ab48                lec_hci_convert_write_conn_reg_command
                0x0000ab6e                lec_hci_convert_read_conn_reg_command
                0x0000ab88                lec_hci_convert_set_local_sca_command
                0x0000ab9a                lec_hci_handle_read_conn_reg_command
                0x0000abfa                lec_hci_handle_read_conn_reg_vendor_command
                0x0000ac0a                lec_hci_handle_write_conn_reg_vendor_command
                0x0000ac2a                pfd_set_local_sca
                0x0000ac44                lec_hci_handle_set_local_sca_command
                0x0000ac9c                lec_hci_vendor_read_private_key
                0x0000ace2                lec_hci_le_convert_set_local_supported_feature_command
                0x0000acee                lec_hci_handle_set_local_supported_feature_command
                0x0000acfc                pfd_set_num_tx_fifo_pkt_for_ext_use
                0x0000ad1c                pfd_activate_mws_modes_interrupts
 .text          0x0000ad68      0x122 C:\Users\dav\Documents\MCUXpressoIDE_10.2.1_795\workspace\frdmkw41z_wireless_examples_bluetooth_heart_rate_sensor_freertos\libs\lib_ble_kw41z_controller.a(bt_fw_os_al.o)
                0x0000ad68                le_allocate_event_buffer
                0x0000ad84                le_free_event_buffer
                0x0000ad88                le_allocate_command_buffer
                0x0000ada8                le_free_command_buffer
                0x0000adb6                le_allocate_tx_data_buffer
                0x0000ade0                le_free_tx_data_buffer
                0x0000ade6                le_allocate_rx_data_buffer
                0x0000ae0a                le_free_rx_data_buffer
                0x0000ae0e                le_allocate_tx_pdu_buffer
                0x0000ae2a                le_free_tx_pdu_buffer
                0x0000ae2e                le_allocate_rx_pdu_buffer
                0x0000ae4a                le_free_rx_pdu_buffer
                0x0000ae4e                le_allocate_txn_buffer
                0x0000ae6a                le_free_txn_buffer
                0x0000ae6e                convert_to_lsb
 *fill*         0x0000ae8a        0x2 
 .text          0x0000ae8c      0x1fa C:\Users\dav\Documents\MCUXpressoIDE_10.2.1_795\workspace\frdmkw41z_wireless_examples_bluetooth_heart_rate_sensor_freertos\libs\lib_ble_kw41z_controller.a(lec_hci_le.o)
                0x0000ae8c                lec_hci_handle_command_pkts
                0x0000af44                lec_hci_handle_commands
                0x0000afdc                lec_get_expected_cmd_param_length
                0x0000affa                hci_le_generate_command_complete_event
                0x0000b018                ll_hci_get_num_commands_pkts
                0x0000b02c                hci_le_generate_hw_error_event
                0x0000b062                hci_le_generate_event
 *fill*         0x0000b086        0x2 
 .text          0x0000b088      0x590 C:\Users\dav\Documents\MCUXpressoIDE_10.2.1_795\workspace\frdmkw41z_wireless_examples_bluetooth_heart_rate_sensor_freertos\libs\lib_ble_kw41z_controller.a(lec_hci_le_commands.o)
                0x0000b088                lec_hci_convert_le_command_params
                0x0000b0a4                fp_lec_convert_cmd_param_handlers
                0x0000b160                lec_hci_handle_le_command
                0x0000b198                fp_lec_validate_cmd_param_handlers
                0x0000b254                fp_lec_cmd_handlers
                0x0000b310                lec_get_expected_le_cmd_param_length
                0x0000b32a                hci_le_generate_command_status_event
                0x0000b35e                lec_generate_le_command_complete_event
                0x0000b500                hci_le_generate_read_rpa_event
                0x0000b552                lec_hci_fill_command_complete_header
                0x0000b56e                lec_hci_generate_read_local_p256_public_key_complete_event
                0x0000b5aa                lec_hci_generate_dhkey_complete_event
                0x0000b5e8                le_command_param_len
 .text          0x0000b618      0x2dc C:\Users\dav\Documents\MCUXpressoIDE_10.2.1_795\workspace\frdmkw41z_wireless_examples_bluetooth_heart_rate_sensor_freertos\libs\lib_ble_kw41z_controller.a(lec_hci_le_common_commands.o)
                0x0000b618                lec_hci_handle_set_event_mask_command
                0x0000b62a                lec_hci_handle_set_random_address_command
                0x0000b632                lec_hci_handle_read_white_list_size_command
                0x0000b636                lec_hci_handle_clear_white_list_command
                0x0000b63e                lec_hci_handle_add_to_white_list_command
                0x0000b646                lec_hci_handle_rem_dev_from_white_list_command
                0x0000b64e                lec_hci_handle_read_channel_map_command
                0x0000b656                lec_hci_handle_le_default_command
                0x0000b65a                lec_hci_handle_le_unknown_hci_command
                0x0000b65e                lec_hci_handle_start_receiver_test_command
                0x0000b666                lec_hci_handle_start_transmitter_test_command
                0x0000b66e                lec_hci_handle_test_end_command
                0x0000b676                lec_send_signal_to_task
                0x0000b6da                lec_is_hci_ecdh_command_in_progress
                0x0000b6ea                lec_hci_process_read_local_p256_key_proc_signal
                0x0000b71c                lec_hci_handle_le_read_local_p256_public_key_command
                0x0000b742                lec_hci_process_generate_dhkey_proc_signal
                0x0000b778                lec_hci_handle_le_generate_dh_key_command
                0x0000b7ac                hci_le_generate_test_end_cmd_complete_event
                0x0000b7e4                hci_le_get_supported_commands
                0x0000b894                lec_hci_handle_read_peer_resolvable_private_address_command
                0x0000b89e                lec_hci_handle_read_local_resolvable_private_address_command
                0x0000b8a8                lec_hci_handle_set_address_resolution_enable_command
                0x0000b8b0                lec_hci_handle_set_resolvable_private_address_timeout_command
                0x0000b8b8                lec_hci_handle_add_to_resolving_list_command
                0x0000b8c0                lec_hci_handle_rem_dev_from_resolving_list_command
                0x0000b8c8                lec_hci_handle_clear_resolving_list_command
                0x0000b8d0                lec_hci_handle_read_resolving_list_size_command
                0x0000b8d4                Cu8_hci_le_supported_commands_array
 .text          0x0000b8f4      0x50c C:\Users\dav\Documents\MCUXpressoIDE_10.2.1_795\workspace\frdmkw41z_wireless_examples_bluetooth_heart_rate_sensor_freertos\libs\lib_ble_kw41z_controller.a(lec_hci_le_conn_commands.o)
                0x0000b8f4                lec_hci_handle_create_connection_command
                0x0000b8fc                lec_hci_handle_create_conn_cancel_command
                0x0000b904                lec_hci_handle_connection_update_command
                0x0000b90c                lec_hci_handle_read_remote_features_command
                0x0000b914                lec_hci_handle_set_host_ch_classification_command
                0x0000b91c                lec_hci_handle_remote_connection_parameter_request_reply_command
                0x0000b924                lec_hci_handle_remote_connection_parameter_request_negative_reply_command
                0x0000b92c                lec_hci_handle_set_data_length_command
                0x0000b934                lec_hci_handle_write_suggested_def_data_len_command
                0x0000b93c                lec_hci_handle_read_maximum_data_length_command
                0x0000b944                hci_generate_le_rd_remote_used_feat_event
                0x0000b99a                hci_generate_le_connection_complete_event
                0x0000ba5a                hci_generate_le_conn_update_complete_event
                0x0000bab2                hci_generate_le_no_of_completed_events
                0x0000bae6                hci_generate_le_remote_version_information_complete_event
                0x0000bb30                hci_le_generate_disconnection_complete_event
                0x0000bb54                lec_hci_handle_start_encryption_command
                0x0000bb60                hci_generate_le_long_term_key_req_event
                0x0000bbac                lec_hci_handle_longterm_key_req_reply_command
                0x0000bbb4                lec_hci_handle_longterm_key_req_neg_reply_command
                0x0000bbbc                hci_generate_le_encryption_change_event
                0x0000bbf6                hci_generate_le_encryption_key_refresh_event
                0x0000bc24                hci_le_generate_read_authenticated_payload_timeout_cmd_complete_event
                0x0000bc6c                hci_le_generate_write_authenticated_payload_timeout_cmd_complete_event
                0x0000bcb0                hci_le_generate_authenticated_payload_timeout_expired_event
                0x0000bce2                hci_le_generate_remote_connection_parameter_request_event
                0x0000bd40                hci_generate_le_data_len_change_event
                0x0000bda0                hci_le_generate_read_maximum_data_length_event
 .text          0x0000be00       0x4c C:\Users\dav\Documents\MCUXpressoIDE_10.2.1_795\workspace\frdmkw41z_wireless_examples_bluetooth_heart_rate_sensor_freertos\libs\lib_ble_kw41z_controller.a(lec_hci_le_encryption_commands.o)
                0x0000be00                lec_hci_handle_encrypt_command
                0x0000be08                hci_le_generate_encrypt_cmd_complete_event
 .text          0x0000be4c       0x1e C:\Users\dav\Documents\MCUXpressoIDE_10.2.1_795\workspace\frdmkw41z_wireless_examples_bluetooth_heart_rate_sensor_freertos\libs\lib_ble_kw41z_controller.a(lec_hci_le_scan_commands.o)
                0x0000be4c                lec_hci_handle_set_scan_param_command
                0x0000be54                lec_hci_handle_scan_enable_command
                0x0000be5c                hci_generate_le_advertising_report_event
 *fill*         0x0000be6a        0x2 
 .text          0x0000be6c      0x194 C:\Users\dav\Documents\MCUXpressoIDE_10.2.1_795\workspace\frdmkw41z_wireless_examples_bluetooth_heart_rate_sensor_freertos\libs\lib_ble_kw41z_controller.a(lec_hci_le_vendor_commands.o)
                0x0000be6c                lec_generate_vendor_command_complete_event
                0x0000be74                lec_get_expected_vendor_cmd_param_length
                0x0000be90                lec_hci_convert_vendor_command_params
                0x0000bec4                lec_hci_handle_vendor_command
                0x0000bf04                lec_hci_handle_write_bb_reg_vendor_command
                0x0000bf1c                lec_hci_handle_read_bb_reg_command
                0x0000bf70                lec_hci_handle_read_bb_reg_vendor_command
                0x0000bf7e                lec_hci_handle_write_rf_reg_vendor_command
                0x0000bf96                lec_hci_handle_read_rf_reg_vendor_command
 .text          0x0000c000      0x340 C:\Users\dav\Documents\MCUXpressoIDE_10.2.1_795\workspace\frdmkw41z_wireless_examples_bluetooth_heart_rate_sensor_freertos\libs\lib_ble_kw41z_controller.a(lec_hci_param_converter.o)
                0x0000c000                lec_hci_convert_set_event_mask_command
                0x0000c010                lec_hci_convert_default_command
                0x0000c012                lec_hci_convert_set_rand_address_command
                0x0000c01e                lec_hci_convert_set_adv_param_command
                0x0000c05c                lec_hci_convert_set_adv_data_command
                0x0000c06c                lec_hci_convert_set_scan_response_command
                0x0000c07c                lec_hci_convert_set_adv_enable_command
                0x0000c082                lec_hci_convert_set_scan_param_command
                0x0000c0a8                lec_hci_convert_set_scan_enable_command
                0x0000c0b2                lec_hci_convert_add_dev_whitelist_command
                0x0000c0b6                lec_hci_convert_remove_dev_whitelist_command
                0x0000c0ca                lec_hci_convert_set_host_chn_classsification_command
                0x0000c0d6                lec_hci_convert_read_chn_map_command
                0x0000c0d8                lec_hci_convert_encrypt_command
                0x0000c0f8                lec_hci_convert_receiver_test_command
                0x0000c0fe                lec_hci_convert_transmitter_test_command
                0x0000c108                lec_hci_convert_br_edr_set_event_mask_command
                0x0000c114                lec_hci_convert_create_connection_command
                0x0000c192                lec_hci_convert_connection_update_command
                0x0000c194                lec_hci_convert_read_remote_used_feat_command
                0x0000c1a4                lec_hci_convert_start_encryption_command
                0x0000c1dc                lec_hci_convert_long_term_key_req_reply_command
                0x0000c1f4                lec_hci_convert_long_term_key_req_neg_reply_command
                0x0000c1f6                lec_hci_convert_read_authenticated_payload_timeout_command
                0x0000c1f8                lec_hci_convert_write_authenticated_payload_timeout_command
                0x0000c1fa                lec_hci_convert_disconnect_command
                0x0000c1fc                lec_hci_convert_remote_version_info_command
                0x0000c1fe                lec_hci_convert_remote_connection_parameter_request_reply_command
                0x0000c256                lec_hci_convert_remote_connection_parameter_request_negative_reply_command
                0x0000c26a                lec_hci_convert_set_data_length_command
                0x0000c290                lec_hci_convert_write_suggested_def_data_len_command
                0x0000c2ac                lec_hci_convert_le_generate_dh_key_command
                0x0000c2cc                lec_hci_convert_read_transmit_power_level_command
                0x0000c2ce                lec_hci_convert_read_rssi_command
                0x0000c2d0                lec_hci_convert_write_bb_reg_command
                0x0000c2d2                lec_hci_convert_read_bb_reg_command
                0x0000c2d4                lec_hci_convert_read_rf_reg_command
                0x0000c2da                lec_hci_convert_write_rf_reg_command
                0x0000c2fc                lec_hci_convert_read_peer_resolvable_address_command
                0x0000c300                lec_hci_convert_read_local_resolvable_address_command
                0x0000c304                lec_hci_convert_set_address_resolution_enable_command
                0x0000c30a                lec_hci_convert_resolvable_private_address_timeout_command
                0x0000c30c                lec_hci_convert_add_dev_resolving_list_command
                0x0000c33c                lec_hci_convert_remove_dev_from_resolving_list_command
 .text          0x0000c340      0x468 C:\Users\dav\Documents\MCUXpressoIDE_10.2.1_795\workspace\frdmkw41z_wireless_examples_bluetooth_heart_rate_sensor_freertos\libs\lib_ble_kw41z_controller.a(lec_hci_param_validation.o)
                0x0000c340                hci_validate_le_set_event_mask_command
                0x0000c35c                hci_validate_le_default_command
                0x0000c360                hci_validate_le_set_adv_params_command
                0x0000c3bc                hci_validate_le_set_adv_scan_resp_data_command
                0x0000c3ca                hci_validate_le_set_adv_enable
                0x0000c3d8                hci_validate_le_set_scan_params_command
                0x0000c408                hci_validate_le_set_scan_enable
                0x0000c41a                hci_validate_le_set_random_address_command
                0x0000c41e                hci_validate_disconnection_command
                0x0000c44c                hci_validate_le_create_connection_command
                0x0000c4c6                hci_validate_le_create_connection_cancel_command
                0x0000c4ca                hci_validate_le_read_remote_feat_command
                0x0000c4e2                hci_validate_le_connection_update_command
                0x0000c544                hci_validate_le_start_encryption_command
                0x0000c55c                hci_validate_le_longterm_key_req_reply_command
                0x0000c570                hci_validate_le_longterm_key_req_neg_reply_command
                0x0000c584                hci_validate_read_authenticated_payload_timeout_command
                0x0000c598                hci_validate_write_authenticated_payload_timeout_command
                0x0000c5b8                hci_validate_remote_connection_parameter_request_reply_command
                0x0000c618                hci_validate_remote_connection_parameter_request_negative_reply_command
                0x0000c638                hci_validate_le_set_data_length_command
                0x0000c666                hci_validate_le_write_suggested_def_data_len_command
                0x0000c68c                hci_validate_le_read_suggested_def_data_len_command
                0x0000c690                hci_validate_le_read_maximum_data_length_command
                0x0000c694                hci_validate_reset_command
                0x0000c698                hci_validate_le_encrypt_cmd_params
                0x0000c69c                hci_validate_le_read_whitelist_size_command
                0x0000c6a0                hci_validate_le_clear_whitelist_command
                0x0000c6a4                hci_validate_le_add_rem_dev_in_wh_list_cmd
                0x0000c6b2                hci_validate_le_read_ch_map_command
                0x0000c6c6                hci_validate_le_set_host_ch_map_command
                0x0000c6e8                hci_validate_le_receiver_test_command
                0x0000c6f6                hci_validate_le_transmitter_test_command
                0x0000c70a                hci_validate_le_test_end_command
                0x0000c70e                hci_validate_read_transmit_power_level_command
                0x0000c72e                hci_validate_read_rssi_command
                0x0000c742                hci_validate_read_resolvable_address_command
                0x0000c750                hci_validate_set_address_resolution_enable_command
                0x0000c75e                hci_validate_set_resolvable_private_address_timeout_command
                0x0000c784                hci_validate_le_add_dev_in_resolving_list_cmd
                0x0000c792                hci_validate_le_rem_dev_from_resolving_list_cmd
                0x0000c7a0                hci_validate_le_clear_resolving_list_command
                0x0000c7a4                hci_validate_le_read_resolving_list_size_command
 .text          0x0000c7a8      0x398 C:\Users\dav\Documents\MCUXpressoIDE_10.2.1_795\workspace\frdmkw41z_wireless_examples_bluetooth_heart_rate_sensor_freertos\libs\lib_ble_kw41z_controller.a(lec_hci_br_edr_commands.o)
                0x0000c7a8                lec_hci_convert_br_edr_command_params
                0x0000c816                lec_hci_handle_br_edr_command
                0x0000c8b0                lec_hci_handle_reset_command
                0x0000c8c8                lec_hci_handle_br_edr_set_event_mask_command
                0x0000c906                lec_hci_handle_br_edr_set_event_mask_page2_command
                0x0000c924                lec_hci_handle_read_transmit_power_level_command
                0x0000c92c                lec_hci_handle_read_rssi_command
                0x0000c934                lec_hci_handle_disconnect
                0x0000c94c                lec_hci_handle_remote_version_cmd
                0x0000c954                lec_hci_handle_read_authenticated_payload_timeout_command
                0x0000c972                lec_hci_handle_write_authenticated_payload_timeout_command
                0x0000c990                lec_get_expected_br_edr_cmd_param_length
                0x0000c9f4                lec_generate_br_edr_command_complete_event
 .text          0x0000cb40       0x20 C:\Users\dav\Documents\MCUXpressoIDE_10.2.1_795\workspace\frdmkw41z_wireless_examples_bluetooth_heart_rate_sensor_freertos\libs\lib_ble_kw41z_controller.a(lec_hci_le_adv_commands.o)
                0x0000cb40                lec_hci_handle_set_scan_response_command
                0x0000cb48                lec_hci_handle_set_adv_param_command
                0x0000cb50                lec_hci_handle_set_adv_data_command
                0x0000cb58                lec_hci_handle_set_adv_enable_command
 .text          0x0000cb60      0xce8 C:\Users\dav\Documents\MCUXpressoIDE_10.2.1_795\workspace\frdmkw41z_wireless_examples_bluetooth_heart_rate_sensor_freertos\libs\lib_ble_4-2_host_peripheral_cm0p.a(gap_api2msg.o)
                0x0000cb60                Ble_HostInitialize
                0x0000cb68                Gap_RegisterDeviceSecurityRequirements
                0x0000cb70                Gap_SetAdvertisingParameters
                0x0000cbb4                Gap_SetAdvertisingData
                0x0000cd42                Gap_StartAdvertising
                0x0000cd7a                Gap_StopAdvertising
                0x0000cda8                Gap_Authorize
                0x0000cdb0                Gap_SaveCccd
                0x0000cdb8                Gap_CheckNotificationStatus
                0x0000cdc0                Gap_CheckIndicationStatus
                0x0000cdc8                Gap_GetBondedStaticAddresses
                0x0000cdd0                Gap_GetBondedDevicesIdentityInformation
                0x0000cdd8                Gap_Pair
                0x0000cddc                Gap_SetDefaultPairingParameters
                0x0000cdf2                Gap_SendSlaveSecurityRequest
                0x0000ce2e                Gap_EncryptLink
                0x0000ce32                Gap_AcceptPairingRequest
                0x0000ce84                Gap_RejectPairing
                0x0000cedc                Gap_EnterPasskey
                0x0000cf1e                Gap_ProvideOob
                0x0000cf66                Gap_RejectPasskeyRequest
                0x0000cf6a                Gap_SendSmpKeys
                0x0000d07a                Gap_RejectKeyExchangeRequest
                0x0000d0ae                Gap_ProvideLongTermKey
                0x0000d10a                Gap_DenyLongTermKey
                0x0000d13e                Gap_LoadEncryptionInformation
                0x0000d14e                Gap_SetLocalPasskey
                0x0000d156                Gap_SetScanMode
                0x0000d15a                Gap_StartScanning
                0x0000d15e                Gap_StopScanning
                0x0000d162                Gap_Connect
                0x0000d166                Gap_Disconnect
                0x0000d1a4                Gap_SaveCustomPeerInformation
                0x0000d1ac                Gap_LoadCustomPeerInformation
                0x0000d1b4                Gap_CheckIfBonded
                0x0000d1bc                Gap_ReadWhiteListSize
                0x0000d1f0                Gap_ClearWhiteList
                0x0000d21e                Gap_AddDeviceToWhiteList
                0x0000d25e                Gap_RemoveDeviceFromWhiteList
                0x0000d29e                Gap_ReadPublicDeviceAddress
                0x0000d2cc                Gap_CreateRandomDeviceAddress
                0x0000d338                Gap_SaveDeviceName
                0x0000d340                Gap_GetBondedDevicesCount
                0x0000d348                Gap_GetBondedDeviceName
                0x0000d350                Gap_VerifyPrivateResolvableAddress
                0x0000d390                Gap_SetRandomAddress
                0x0000d3cc                Gap_RemoveBond