Archive member included to satisfy reference by file (symbol)

c:/nxp/mcuxpressoide_10.2.1_795/ide/tools/bin/../lib/gcc/arm-none-eabi/7.2.1/../../../../arm-none-eabi/lib/thumb/v6-m\libcr_semihost_nf.a(_cr__main.o)
                              ./startup/startup_mkw41z4.o (__main)
c:/nxp/mcuxpressoide_10.2.1_795/ide/tools/bin/../lib/gcc/arm-none-eabi/7.2.1/../../../../arm-none-eabi/lib/thumb/v6-m\libcr_semihost_nf.a(_cr_assert.o)
                              ./drivers/fsl_clock.o (__assertion_failed)
c:/nxp/mcuxpressoide_10.2.1_795/ide/tools/bin/../lib/gcc/arm-none-eabi/7.2.1/../../../../arm-none-eabi/lib/thumb/v6-m\libcr_semihost_nf.a(__ciob.o)
                              c:/nxp/mcuxpressoide_10.2.1_795/ide/tools/bin/../lib/gcc/arm-none-eabi/7.2.1/../../../../arm-none-eabi/lib/thumb/v6-m\libcr_semihost_nf.a(_cr_assert.o) (__Ciob)
c:/nxp/mcuxpressoide_10.2.1_795/ide/tools/bin/../lib/gcc/arm-none-eabi/7.2.1/../../../../arm-none-eabi/lib/thumb/v6-m\libcr_semihost_nf.a(__sys_appexit.o)
                              c:/nxp/mcuxpressoide_10.2.1_795/ide/tools/bin/../lib/gcc/arm-none-eabi/7.2.1/../../../../arm-none-eabi/lib/thumb/v6-m\libcr_semihost_nf.a(_cr_assert.o) (__sys_appexit)
c:/nxp/mcuxpressoide_10.2.1_795/ide/tools/bin/../lib/gcc/arm-none-eabi/7.2.1/../../../../arm-none-eabi/lib/thumb/v6-m\libcr_c.a(memcpy.o)
                              ./drivers/fsl_flash.o (memcpy)
c:/nxp/mcuxpressoide_10.2.1_795/ide/tools/bin/../lib/gcc/arm-none-eabi/7.2.1/../../../../arm-none-eabi/lib/thumb/v6-m\libcr_c.a(memset.o)
                              ./drivers/fsl_flash.o (memset)
c:/nxp/mcuxpressoide_10.2.1_795/ide/tools/bin/../lib/gcc/arm-none-eabi/7.2.1/../../../../arm-none-eabi/lib/thumb/v6-m\libcr_c.a(_deferredlazyseek.o)
                              c:/nxp/mcuxpressoide_10.2.1_795/ide/tools/bin/../lib/gcc/arm-none-eabi/7.2.1/../../../../arm-none-eabi/lib/thumb/v6-m\libcr_semihost_nf.a(_cr_assert.o) (__flsbuf)
c:/nxp/mcuxpressoide_10.2.1_795/ide/tools/bin/../lib/gcc/arm-none-eabi/7.2.1/../../../../arm-none-eabi/lib/thumb/v6-m\libcr_c.a(_fflush.o)
                              c:/nxp/mcuxpressoide_10.2.1_795/ide/tools/bin/../lib/gcc/arm-none-eabi/7.2.1/../../../../arm-none-eabi/lib/thumb/v6-m\libcr_c.a(_deferredlazyseek.o) (_fflush)
c:/nxp/mcuxpressoide_10.2.1_795/ide/tools/bin/../lib/gcc/arm-none-eabi/7.2.1/../../../../arm-none-eabi/lib/thumb/v6-m\libcr_c.a(_writebuf.o)
                              c:/nxp/mcuxpressoide_10.2.1_795/ide/tools/bin/../lib/gcc/arm-none-eabi/7.2.1/../../../../arm-none-eabi/lib/thumb/v6-m\libcr_c.a(_deferredlazyseek.o) (_Cwritebuf)
c:/nxp/mcuxpressoide_10.2.1_795/ide/tools/bin/../lib/gcc/arm-none-eabi/7.2.1/../../../../arm-none-eabi/lib/thumb/v6-m\libcr_c.a(alloc.o)
                              c:/nxp/mcuxpressoide_10.2.1_795/ide/tools/bin/../lib/gcc/arm-none-eabi/7.2.1/../../../../arm-none-eabi/lib/thumb/v6-m\libcr_c.a(_deferredlazyseek.o) (_Csys_alloc)
c:/nxp/mcuxpressoide_10.2.1_795/ide/tools/bin/../lib/gcc/arm-none-eabi/7.2.1/../../../../arm-none-eabi/lib/thumb/v6-m\libcr_c.a(fputs.o)
                              c:/nxp/mcuxpressoide_10.2.1_795/ide/tools/bin/../lib/gcc/arm-none-eabi/7.2.1/../../../../arm-none-eabi/lib/thumb/v6-m\libcr_semihost_nf.a(_cr_assert.o) (fputs)
c:/nxp/mcuxpressoide_10.2.1_795/ide/tools/bin/../lib/gcc/arm-none-eabi/7.2.1/../../../../arm-none-eabi/lib/thumb/v6-m\libcr_c.a(fseek.o)
                              c:/nxp/mcuxpressoide_10.2.1_795/ide/tools/bin/../lib/gcc/arm-none-eabi/7.2.1/../../../../arm-none-eabi/lib/thumb/v6-m\libcr_c.a(_deferredlazyseek.o) (fseek)
c:/nxp/mcuxpressoide_10.2.1_795/ide/tools/bin/../lib/gcc/arm-none-eabi/7.2.1/../../../../arm-none-eabi/lib/thumb/v6-m\libcr_c.a(ftell.o)
                              c:/nxp/mcuxpressoide_10.2.1_795/ide/tools/bin/../lib/gcc/arm-none-eabi/7.2.1/../../../../arm-none-eabi/lib/thumb/v6-m\libcr_c.a(fseek.o) (ftell)
c:/nxp/mcuxpressoide_10.2.1_795/ide/tools/bin/../lib/gcc/arm-none-eabi/7.2.1/../../../../arm-none-eabi/lib/thumb/v6-m\libcr_c.a(initio.o)
                              c:/nxp/mcuxpressoide_10.2.1_795/ide/tools/bin/../lib/gcc/arm-none-eabi/7.2.1/../../../../arm-none-eabi/lib/thumb/v6-m\libcr_semihost_nf.a(_cr__main.o) (_initio)
c:/nxp/mcuxpressoide_10.2.1_795/ide/tools/bin/../lib/gcc/arm-none-eabi/7.2.1/../../../../arm-none-eabi/lib/thumb/v6-m\libcr_c.a(setvbuf.o)
                              c:/nxp/mcuxpressoide_10.2.1_795/ide/tools/bin/../lib/gcc/arm-none-eabi/7.2.1/../../../../arm-none-eabi/lib/thumb/v6-m\libcr_c.a(initio.o) (setvbuf)
c:/nxp/mcuxpressoide_10.2.1_795/ide/tools/bin/../lib/gcc/arm-none-eabi/7.2.1/../../../../arm-none-eabi/lib/thumb/v6-m\libcr_c.a(__init_alloc.o)
                              c:/nxp/mcuxpressoide_10.2.1_795/ide/tools/bin/../lib/gcc/arm-none-eabi/7.2.1/../../../../arm-none-eabi/lib/thumb/v6-m\libcr_c.a(alloc.o) (__heaps)
c:/nxp/mcuxpressoide_10.2.1_795/ide/tools/bin/../lib/gcc/arm-none-eabi/7.2.1/../../../../arm-none-eabi/lib/thumb/v6-m\libcr_c.a(_cr_sbrk.o)
[...]
Memory Configuration

Name             Origin             Length             Attributes
PROGRAM_FLASH    0x00000000         0x00080000         xr
SRAM             0x1fff8000         0x00020000         xrw
*default*        0x00000000         0xffffffff

Linker script and memory map

LOAD ./utilities/fsl_debug_console.o
LOAD ./startup/startup_mkw41z4.o
LOAD ./source/lpuart_polling.o
LOAD ./source/mtb.o
LOAD ./source/semihost_hardfault.o
LOAD ./drivers/fsl_clock.o
LOAD ./drivers/fsl_common.o
LOAD ./drivers/fsl_flash.o
LOAD ./drivers/fsl_gpio.o
LOAD ./drivers/fsl_lptmr.o
LOAD ./drivers/fsl_lpuart.o
LOAD ./drivers/fsl_sim.o
LOAD ./drivers/fsl_smc.o
LOAD ./board/board.o
LOAD ./board/clock_config.o
LOAD ./board/peripherals.o
LOAD ./board/pin_mux.o
LOAD ./CMSIS/system_MKW41Z4.o
START GROUP
LOAD c:/nxp/mcuxpressoide_10.2.1_795/ide/tools/bin/../lib/gcc/arm-none-eabi/7.2.1/../../../../arm-none-eabi/lib/thumb/v6-m\libcr_semihost_nf.a
LOAD c:/nxp/mcuxpressoide_10.2.1_795/ide/tools/bin/../lib/gcc/arm-none-eabi/7.2.1/../../../../arm-none-eabi/lib/thumb/v6-m\libcr_c.a
LOAD c:/nxp/mcuxpressoide_10.2.1_795/ide/tools/bin/../lib/gcc/arm-none-eabi/7.2.1/thumb/v6-m\libcr_eabihelpers.a
END GROUP
                0x00000000                __base_PROGRAM_FLASH = 0x0
                0x00000000                __base_Flash = 0x0
                0x00080000                __top_PROGRAM_FLASH = 0x80000
                0x00080000                __top_Flash = 0x80000
                0x1fff8000                __base_SRAM = 0x1fff8000
                0x1fff8000                __base_RAM = 0x1fff8000
                0x20018000                __top_SRAM = 0x20018000
                0x20018000                __top_RAM = 0x20018000

.text           0x00000000     0x23f4
 FILL mask 0xff
                0x00000000                __vectors_start__ = ABSOLUTE (.)
 *(.isr_vector)
 .isr_vector    0x00000000       0xc0 ./startup/startup_mkw41z4.o
                0x00000000                g_pfnVectors
                0x00000000                __Vectors
                0x000000c0                . = ALIGN (0x4)
                0x000000c0                __section_table_start = .
                0x000000c0                __data_section_table = .
                0x000000c0        0x4 LONG 0x23f4 LOADADDR (.data)
                0x000000c4        0x4 LONG 0x1fff8080 ADDR (.data)
                0x000000c8        0x4 LONG 0x50 SIZEOF (.data)
                0x000000cc                __data_section_table_end = .
                0x000000cc                __bss_section_table = .
                0x000000cc        0x4 LONG 0x1fff80d0 ADDR (.bss)
                0x000000d0        0x4 LONG 0xd0 SIZEOF (.bss)
                0x000000d4                __bss_section_table_end = .
                0x000000d4                __section_table_end = .
 *(.after_vectors*)
 .after_vectors.init_data
                0x000000d4       0x16 ./startup/startup_mkw41z4.o
                0x000000d4                data_init
 .after_vectors.init_bss
                0x000000ea       0x12 ./startup/startup_mkw41z4.o
                0x000000ea                bss_init
 .after_vectors.reset
                0x000000fc       0x4c ./startup/startup_mkw41z4.o
                0x000000fc                ResetISR
 .after_vectors
                0x00000148      0x10c ./startup/startup_mkw41z4.o
                0x00000148                NMI_Handler
                0x0000014c                SVC_Handler
                0x0000014e                PendSV_Handler
                0x00000150                SysTick_Handler
                0x00000152                PIT_DriverIRQHandler
                0x00000152                SPI1_DriverIRQHandler
                0x00000152                PORTB_PORTC_DriverIRQHandler
                0x00000152                DMA0_DriverIRQHandler
                0x00000152                LPTMR0_DriverIRQHandler
                0x00000152                I2C0_DriverIRQHandler
                0x00000152                DMA2_DriverIRQHandler
                0x00000152                TRNG0_DriverIRQHandler
                0x00000152                CMP0_DriverIRQHandler
                0x00000152                TPM2_DriverIRQHandler
                0x00000152                Radio_0_DriverIRQHandler
                0x00000152                ADC0_DriverIRQHandler
                0x00000152                SPI0_DriverIRQHandler
                0x00000152                TSI0_DriverIRQHandler
                0x00000152                RTC_Seconds_DriverIRQHandler
                0x00000152                LTC0_DriverIRQHandler
                0x00000152                LLWU_DriverIRQHandler
                0x00000152                MCG_DriverIRQHandler
                0x00000152                I2C1_DriverIRQHandler
                0x00000152                Radio_1_DriverIRQHandler
                0x00000152                DMA1_DriverIRQHandler
                0x00000152                FTFA_DriverIRQHandler
                0x00000152                IntDefaultHandler
                0x00000152                DMA3_DriverIRQHandler
                0x00000152                DAC0_DriverIRQHandler
                0x00000152                TPM0_DriverIRQHandler
                0x00000152                RTC_DriverIRQHandler
                0x00000152                LVD_LVW_DCDC_DriverIRQHandler
                0x00000152                TPM1_DriverIRQHandler
                0x00000152                Reserved20_DriverIRQHandler
                0x00000152                PORTA_DriverIRQHandler
                0x00000152                CMT_DriverIRQHandler
                0x00000154                DMA0_IRQHandler
                0x0000015c                DMA1_IRQHandler
                0x00000164                DMA2_IRQHandler
                0x0000016c                DMA3_IRQHandler
                0x00000174                Reserved20_IRQHandler
                0x0000017c                FTFA_IRQHandler
                0x00000184                LVD_LVW_DCDC_IRQHandler
                0x0000018c                LLWU_IRQHandler
                0x00000194                I2C0_IRQHandler
                0x0000019c                I2C1_IRQHandler
                0x000001a4                SPI0_IRQHandler
                0x000001ac                TSI0_IRQHandler
                0x000001b4                LPUART0_IRQHandler
                0x000001bc                TRNG0_IRQHandler
                0x000001c4                CMT_IRQHandler
                0x000001cc                ADC0_IRQHandler
                0x000001d4                CMP0_IRQHandler
                0x000001dc                TPM0_IRQHandler
                0x000001e4                TPM1_IRQHandler
                0x000001ec                TPM2_IRQHandler
                0x000001f4                RTC_IRQHandler
                0x000001fc                RTC_Seconds_IRQHandler
                0x00000204                PIT_IRQHandler
                0x0000020c                LTC0_IRQHandler
                0x00000214                Radio_0_IRQHandler
                0x0000021c                DAC0_IRQHandler
                0x00000224                Radio_1_IRQHandler
                0x0000022c                MCG_IRQHandler
                0x00000234                LPTMR0_IRQHandler
                0x0000023c                SPI1_IRQHandler
                0x00000244                PORTA_IRQHandler
                0x0000024c                PORTB_PORTC_IRQHandler
                0x00000400                . = 0x400
 *fill*         0x00000254      0x1ac ff
                0x00000400                PROVIDE (__FLASH_CONFIG_START__, .)
 *(.FlashConfig)
 .FlashConfig   0x00000400       0x10 ./startup/startup_mkw41z4.o
                0x00000400                Flash_Config
                0x00000410                PROVIDE (__FLASH_CONFIG_END__, .)
                0x00000001                ASSERT (! ((__FLASH_CONFIG_START__ == __FLASH_CONFIG_END__)), Linker Flash Config Support Enabled, but no .FlashConfig section provided within application)
 *(.text*)
 .text.CLOCK_SetLpuartClock
                0x00000410       0x38 ./source/lpuart_polling.o
 .text.main     0x00000448       0x74 ./source/lpuart_polling.o
                0x00000448                main
 .text.HardFault_Handler
                0x000004bc       0x30 ./source/semihost_hardfault.o
                0x000004bc                HardFault_Handler
 .text.CLOCK_SetEr32kClock
                0x000004ec       0x34 ./drivers/fsl_clock.o
 .text.CLOCK_GetMcgExtClkFreq
                0x00000520       0x70 ./drivers/fsl_clock.o
 .text.CLOCK_GetFllExtRefClkFreq
                0x00000590       0xbc ./drivers/fsl_clock.o
 .text.CLOCK_GetInternalRefClkSelectFreq
                0x0000064c       0x40 ./drivers/fsl_clock.o
 .text.CLOCK_GetFllRefClkFreq
                0x0000068c       0x2c ./drivers/fsl_clock.o
 .text.CLOCK_GetOscRangeFromFreq
                0x000006b8       0x4c ./drivers/fsl_clock.o
 .text.CLOCK_GetEr32kClkFreq
                0x00000704       0x58 ./drivers/fsl_clock.o
                0x00000704                CLOCK_GetEr32kClkFreq
 .text.CLOCK_GetFreq
                0x0000075c       0xd8 ./drivers/fsl_clock.o
                0x0000075c                CLOCK_GetFreq
 .text.CLOCK_SetSimConfig
                0x00000834       0x2c ./drivers/fsl_clock.o
                0x00000834                CLOCK_SetSimConfig
 .text.CLOCK_GetOutClkFreq
                0x00000860       0x54 ./drivers/fsl_clock.o
                0x00000860                CLOCK_GetOutClkFreq
 .text.CLOCK_GetFllFreq
                0x000008b4       0x78 ./drivers/fsl_clock.o
                0x000008b4                CLOCK_GetFllFreq
 .text.CLOCK_GetInternalRefClkFreq
                0x0000092c       0x28 ./drivers/fsl_clock.o
                0x0000092c                CLOCK_GetInternalRefClkFreq
 .text.CLOCK_SetExternalRefClkConfig
                0x00000954       0x80 ./drivers/fsl_clock.o
                0x00000954                CLOCK_SetExternalRefClkConfig
 .text.CLOCK_SetInternalRefClkConfig
                0x000009d4      0x128 ./drivers/fsl_clock.o
                0x000009d4                CLOCK_SetInternalRefClkConfig
 .text.CLOCK_InitOsc0
                0x00000afc       0x68 ./drivers/fsl_clock.o
                0x00000afc                CLOCK_InitOsc0
 .text.CLOCK_SetFeeMode
                0x00000b64      0x13c ./drivers/fsl_clock.o
                0x00000b64                CLOCK_SetFeeMode
 .text.CLOCK_BootToFeeMode
                0x00000ca0       0x4e ./drivers/fsl_clock.o
                0x00000ca0                CLOCK_BootToFeeMode
 *fill*         0x00000cee        0x2 ff
 .text.CLOCK_EnableClock
                0x00000cf0       0x34 ./drivers/fsl_lpuart.o
 .text.LPUART_GetInstance
                0x00000d24       0x48 ./drivers/fsl_lpuart.o
                0x00000d24                LPUART_GetInstance
 .text.LPUART_Init
                0x00000d6c      0x284 ./drivers/fsl_lpuart.o
                0x00000d6c                LPUART_Init
 .text.LPUART_GetDefaultConfig
                0x00000ff0       0x50 ./drivers/fsl_lpuart.o
                0x00000ff0                LPUART_GetDefaultConfig
 .text.LPUART_GetStatusFlags
                0x00001040       0x18 ./drivers/fsl_lpuart.o
                0x00001040                LPUART_GetStatusFlags
 .text.LPUART_ClearStatusFlags
                0x00001058       0x88 ./drivers/fsl_lpuart.o
                0x00001058                LPUART_ClearStatusFlags
 .text.LPUART_WriteBlocking
                0x000010e0       0x4c ./drivers/fsl_lpuart.o
                0x000010e0                LPUART_WriteBlocking
 .text.LPUART_ReadBlocking
                0x0000112c       0xd8 ./drivers/fsl_lpuart.o
                0x0000112c                LPUART_ReadBlocking
 .text.LPUART0_DriverIRQHandler
                0x00001204       0x24 ./drivers/fsl_lpuart.o
                0x00001204                LPUART0_DriverIRQHandler
 .text.CLOCK_SetSimSafeDivs
                0x00001228       0x1c ./board/clock_config.o
 .text.CLOCK_SetXtal0Freq
                0x00001244       0x1c ./board/clock_config.o
 .text.CLOCK_SYS_FllStableDelay
                0x00001260       0x24 ./board/clock_config.o
 .text.BOARD_BootClockRUN
                0x00001284       0x64 ./board/clock_config.o
                0x00001284                BOARD_BootClockRUN
 .text.BOARD_RfOscInit
                0x000012e8       0xd4 ./board/clock_config.o
                0x000012e8                BOARD_RfOscInit
 .text.BOARD_InitOsc0
                0x000013bc       0x30 ./board/clock_config.o
                0x000013bc                BOARD_InitOsc0
 .text.CLOCK_EnableClock
                0x000013ec       0x34 ./board/pin_mux.o
 .text.PORT_SetPinMux
                0x00001420       0x40 ./board/pin_mux.o
 .text.BOARD_InitPins
                0x00001460       0x4c ./board/pin_mux.o
                0x00001460                BOARD_InitPins
 .text.SystemInit
                0x000014ac       0x18 ./CMSIS/system_MKW41Z4.o
                0x000014ac                SystemInit
 .text.__main   0x000014c4        0xc c:/nxp/mcuxpressoide_10.2.1_795/ide/tools/bin/../lib/gcc/arm-none-eabi/7.2.1/../../../../arm-none-eabi/lib/thumb/v6-m\libcr_semihost_nf.a(_cr__main.o)
                0x000014c4                __CR_SEMIHOST
                0x000014c4                __main
 .text.__assertion_failed
                0x000014d0       0x4c c:/nxp/mcuxpressoide_10.2.1_795/ide/tools/bin/../lib/gcc/arm-none-eabi/7.2.1/../../../../arm-none-eabi/lib/thumb/v6-m\libcr_semihost_nf.a(_cr_assert.o)
                0x000014d0                __assertion_failed
 .text.__sys_appexit
                0x0000151c        0xc c:/nxp/mcuxpressoide_10.2.1_795/ide/tools/bin/../lib/gcc/arm-none-eabi/7.2.1/../../../../arm-none-eabi/lib/thumb/v6-m\libcr_semihost_nf.a(__sys_appexit.o)
                0x0000151c                __sys_appexit
                0x0000151c                __exit
 .text.memset   0x00001528        0x8 c:/nxp/mcuxpressoide_10.2.1_795/ide/tools/bin/../lib/gcc/arm-none-eabi/7.2.1/../../../../arm-none-eabi/lib/thumb/v6-m\libcr_c.a(memset.o)
                0x00001528                memset
 .text._deferredlazyseek
                0x00001530       0x40 c:/nxp/mcuxpressoide_10.2.1_795/ide/tools/bin/../lib/gcc/arm-none-eabi/7.2.1/../../../../arm-none-eabi/lib/thumb/v6-m\libcr_c.a(_deferredlazyseek.o)
                0x00001530                _deferredlazyseek
 .text.__flsbuf
                0x00001570      0x14c c:/nxp/mcuxpressoide_10.2.1_795/ide/tools/bin/../lib/gcc/arm-none-eabi/7.2.1/../../../../arm-none-eabi/lib/thumb/v6-m\libcr_c.a(_deferredlazyseek.o)
                0x00001570                __flsbuf
 .text._fflush  0x000016bc       0x5c c:/nxp/mcuxpressoide_10.2.1_795/ide/tools/bin/../lib/gcc/arm-none-eabi/7.2.1/../../../../arm-none-eabi/lib/thumb/v6-m\libcr_c.a(_fflush.o)
                0x000016bc                _fflush
 .text._Cwritebuf
                0x00001718       0x68 c:/nxp/mcuxpressoide_10.2.1_795/ide/tools/bin/../lib/gcc/arm-none-eabi/7.2.1/../../../../arm-none-eabi/lib/thumb/v6-m\libcr_c.a(_writebuf.o)
                0x00001718                _Cwritebuf
 .text.malloc   0x00001780       0xcc c:/nxp/mcuxpressoide_10.2.1_795/ide/tools/bin/../lib/gcc/arm-none-eabi/7.2.1/../../../../arm-none-eabi/lib/thumb/v6-m\libcr_c.a(alloc.o)
                0x00001780                malloc
 .text.free     0x0000184c       0x2c c:/nxp/mcuxpressoide_10.2.1_795/ide/tools/bin/../lib/gcc/arm-none-eabi/7.2.1/../../../../arm-none-eabi/lib/thumb/v6-m\libcr_c.a(alloc.o)
                0x0000184c                free
 .text._Csys_alloc
                0x00001878       0x20 c:/nxp/mcuxpressoide_10.2.1_795/ide/tools/bin/../lib/gcc/arm-none-eabi/7.2.1/../../../../arm-none-eabi/lib/thumb/v6-m\libcr_c.a(alloc.o)
                0x00001878                _Csys_alloc
 .text.fputs    0x00001898       0x2e c:/nxp/mcuxpressoide_10.2.1_795/ide/tools/bin/../lib/gcc/arm-none-eabi/7.2.1/../../../../arm-none-eabi/lib/thumb/v6-m\libcr_c.a(fputs.o)
                0x00001898                fputs
 *fill*         0x000018c6        0x2 ff
 .text.fseek    0x000018c8       0xf0 c:/nxp/mcuxpressoide_10.2.1_795/ide/tools/bin/../lib/gcc/arm-none-eabi/7.2.1/../../../../arm-none-eabi/lib/thumb/v6-m\libcr_c.a(fseek.o)
                0x000018c8                fseek
 .text.ftell    0x000019b8       0x48 c:/nxp/mcuxpressoide_10.2.1_795/ide/tools/bin/../lib/gcc/arm-none-eabi/7.2.1/../../../../arm-none-eabi/lib/thumb/v6-m\libcr_c.a(ftell.o)
                0x000019b8                ftell
 .text._initio  0x00001a00       0x7c c:/nxp/mcuxpressoide_10.2.1_795/ide/tools/bin/../lib/gcc/arm-none-eabi/7.2.1/../../../../arm-none-eabi/lib/thumb/v6-m\libcr_c.a(initio.o)
                0x00001a00                _initio
 .text.setvbuf  0x00001a7c       0x48 c:/nxp/mcuxpressoide_10.2.1_795/ide/tools/bin/../lib/gcc/arm-none-eabi/7.2.1/../../../../arm-none-eabi/lib/thumb/v6-m\libcr_c.a(setvbuf.o)
                0x00001a7c                setvbuf
 .text._sbrk    0x00001ac4       0x40 c:/nxp/mcuxpressoide_10.2.1_795/ide/tools/bin/../lib/gcc/arm-none-eabi/7.2.1/../../../../arm-none-eabi/lib/thumb/v6-m\libcr_c.a(_cr_sbrk.o)
                0x00001ac4                _sbrk
 .text._fdopen  0x00001b04       0x74 c:/nxp/mcuxpressoide_10.2.1_795/ide/tools/bin/../lib/gcc/arm-none-eabi/7.2.1/../../../../arm-none-eabi/lib/thumb/v6-m\libcr_c.a(_fdopen.o)
                0x00001b04                _fdopen
 .text.fclose   0x00001b78       0x5c c:/nxp/mcuxpressoide_10.2.1_795/ide/tools/bin/../lib/gcc/arm-none-eabi/7.2.1/../../../../arm-none-eabi/lib/thumb/v6-m\libcr_c.a(fclose.o)
                0x00001b78                fclose
 .text.fflush   0x00001bd4       0x44 c:/nxp/mcuxpressoide_10.2.1_795/ide/tools/bin/../lib/gcc/arm-none-eabi/7.2.1/../../../../arm-none-eabi/lib/thumb/v6-m\libcr_c.a(fflush.o)
                0x00001bd4                fflush
 .text.remove   0x00001c18       0x12 c:/nxp/mcuxpressoide_10.2.1_795/ide/tools/bin/../lib/gcc/arm-none-eabi/7.2.1/../../../../arm-none-eabi/lib/thumb/v6-m\libcr_c.a(remove.o)
                0x00001c18                remove
 *fill*         0x00001c2a        0x2 ff
 .text.strlen   0x00001c2c       0x58 c:/nxp/mcuxpressoide_10.2.1_795/ide/tools/bin/../lib/gcc/arm-none-eabi/7.2.1/../../../../arm-none-eabi/lib/thumb/v6-m\libcr_c.a(strlen.o)
                0x00001c2c                strlen
 .text.__check_heap_overflow
                0x00001c84       0x14 c:/nxp/mcuxpressoide_10.2.1_795/ide/tools/bin/../lib/gcc/arm-none-eabi/7.2.1/../../../../arm-none-eabi/lib/thumb/v6-m\libcr_c.a(_cr_check_heap.o)
                0x00001c84                __check_heap_overflow
 .text._do_fflush
                0x00001c98       0x44 c:/nxp/mcuxpressoide_10.2.1_795/ide/tools/bin/../lib/gcc/arm-none-eabi/7.2.1/../../../../arm-none-eabi/lib/thumb/v6-m\libcr_c.a(_do_fflush.o)
                0x00001c98                _do_fflush
 .text.__aeabi_division_idivmod
                0x00001cdc       0x78 c:/nxp/mcuxpressoide_10.2.1_795/ide/tools/bin/../lib/gcc/arm-none-eabi/7.2.1/thumb/v6-m\libcr_eabihelpers.a(division_32.o)
                0x00001cdc                __aeabi_idivmod
                0x00001cdc                __aeabi_idiv
                0x00001ce2                __aeabi_uidivmod
                0x00001ce2                __aeabi_uidiv
 .text.__aeabi_division_idiv0
                0x00001d54        0x2 c:/nxp/mcuxpressoide_10.2.1_795/ide/tools/bin/../lib/gcc/arm-none-eabi/7.2.1/thumb/v6-m\libcr_eabihelpers.a(division_idiv0.o)
                0x00001d54                __aeabi_idiv0
 .text.__aeabi_memset_lowlevel
                0x00001d56       0x2a c:/nxp/mcuxpressoide_10.2.1_795/ide/tools/bin/../lib/gcc/arm-none-eabi/7.2.1/thumb/v6-m\libcr_eabihelpers.a(memcpy.o)
                0x00001d56                __aeabi_lowlevel_memset
 .text.__sys_close
                0x00001d80        0xc c:/nxp/mcuxpressoide_10.2.1_795/ide/tools/bin/../lib/gcc/arm-none-eabi/7.2.1/../../../../arm-none-eabi/lib/thumb/v6-m\libcr_semihost_nf.a(__sys_close.o)
                0x00001d80                __sys_close
 .text.__sys_flen
                0x00001d8c        0xc c:/nxp/mcuxpressoide_10.2.1_795/ide/tools/bin/../lib/gcc/arm-none-eabi/7.2.1/../../../../arm-none-eabi/lib/thumb/v6-m\libcr_semihost_nf.a(__sys_flen.o)
                0x00001d8c                __sys_flen
 .text.__sys_istty
                0x00001d98        0xc c:/nxp/mcuxpressoide_10.2.1_795/ide/tools/bin/../lib/gcc/arm-none-eabi/7.2.1/../../../../arm-none-eabi/lib/thumb/v6-m\libcr_semihost_nf.a(__sys_istty.o)
                0x00001d98                __sys_istty
 .text.__sys_remove
                0x00001da4        0xc c:/nxp/mcuxpressoide_10.2.1_795/ide/tools/bin/../lib/gcc/arm-none-eabi/7.2.1/../../../../arm-none-eabi/lib/thumb/v6-m\libcr_semihost_nf.a(__sys_remove.o)
                0x00001da4                __sys_remove
 .text.__sys_seek
                0x00001db0        0xc c:/nxp/mcuxpressoide_10.2.1_795/ide/tools/bin/../lib/gcc/arm-none-eabi/7.2.1/../../../../arm-none-eabi/lib/thumb/v6-m\libcr_semihost_nf.a(__sys_seek.o)
                0x00001db0                __sys_seek
 .text.__sys_tmpnam
                0x00001dbc        0xc c:/nxp/mcuxpressoide_10.2.1_795/ide/tools/bin/../lib/gcc/arm-none-eabi/7.2.1/../../../../arm-none-eabi/lib/thumb/v6-m\libcr_semihost_nf.a(__sys_tmpnam.o)
                0x00001dbc                __sys_tmpnam
 .text.__sys_write
                0x00001dc8        0xc c:/nxp/mcuxpressoide_10.2.1_795/ide/tools/bin/../lib/gcc/arm-none-eabi/7.2.1/../../../../arm-none-eabi/lib/thumb/v6-m\libcr_semihost_nf.a(__sys_write.o)
                0x00001dc8                __sys_write
 *(.rodata .rodata.* .constdata .constdata.*)
 .rodata        0x00001dd4       0xd9 ./drivers/fsl_clock.o
 *fill*         0x00001ead        0x3 ff
 .rodata.CLOCK_GetFreq
                0x00001eb0       0x24 ./drivers/fsl_clock.o
 .rodata.fllFactorTable.5611
                0x00001ed4       0x10 ./drivers/fsl_clock.o
 .rodata        0x00001ee4      0x4da ./drivers/fsl_lpuart.o
 .rodata.__assertion_failed.str1.1
                0x000023be       0x15 c:/nxp/mcuxpressoide_10.2.1_795/ide/tools/bin/../lib/gcc/arm-none-eabi/7.2.1/../../../../arm-none-eabi/lib/thumb/v6-m\libcr_semihost_nf.a(_cr_assert.o)
 *fill*         0x000023d3        0x1 ff
 .rodata.__num_Ciob_streams
                0x000023d4        0x4 c:/nxp/mcuxpressoide_10.2.1_795/ide/tools/bin/../lib/gcc/arm-none-eabi/7.2.1/../../../../arm-none-eabi/lib/thumb/v6-m\libcr_semihost_nf.a(__ciob.o)
                0x000023d4                __num_Ciob_streams
 .rodata._Csys_alloc.str1.1
                0x000023d8       0x18 c:/nxp/mcuxpressoide_10.2.1_795/ide/tools/bin/../lib/gcc/arm-none-eabi/7.2.1/../../../../arm-none-eabi/lib/thumb/v6-m\libcr_c.a(alloc.o)
 .rodata._initio.str1.1
                0x000023f0        0x4 c:/nxp/mcuxpressoide_10.2.1_795/ide/tools/bin/../lib/gcc/arm-none-eabi/7.2.1/../../../../arm-none-eabi/lib/thumb/v6-m\libcr_c.a(initio.o)
                0x000023f4                . = ALIGN (0x4)

.glue_7         0x000023f4        0x0
 .glue_7        0x000023f4        0x0 linker stubs

.glue_7t        0x000023f4        0x0
 .glue_7t       0x000023f4        0x0 linker stubs

.vfp11_veneer   0x000023f4        0x0
 .vfp11_veneer  0x000023f4        0x0 linker stubs

.v4_bx          0x000023f4        0x0
 .v4_bx         0x000023f4        0x0 linker stubs

.iplt           0x000023f4        0x0
 .iplt          0x000023f4        0x0 ./startup/startup_mkw41z4.o

.rel.dyn        0x000023f4        0x0
 .rel.iplt      0x000023f4        0x0 ./startup/startup_mkw41z4.o

.ARM.extab
 *(.ARM.extab* .gnu.linkonce.armextab.*)
                0x000023f4                __exidx_start = .

.ARM.exidx
 *(.ARM.exidx* .gnu.linkonce.armexidx.*)
                0x000023f4                __exidx_end = .
                0x000023f4                _etext = .

.mtb_buffer_default
                0x1fff8000       0x80
 *(.mtb*)
 .mtb.$RAM1     0x1fff8000       0x80 ./source/mtb.o
                0x1fff8000                __mtb_buffer__

.uninit_RESERVED
                0x1fff8080        0x0
 *(.bss.$RESERVED*)
                0x1fff8080                . = ALIGN (0x4)
                0x1fff8080                _end_uninit_RESERVED = .

.data           0x1fff8080       0x50 load address 0x000023f4
 FILL mask 0xff
                0x1fff8080                _data = .
 *(vtable)
 *(.ramfunc*)
 *(.data*)
 .data.txbuff   0x1fff8080       0x43 ./source/lpuart_polling.o
                0x1fff8080                txbuff
 *fill*         0x1fff80c3        0x1 ff
 .data.s_slowIrcFreq
                0x1fff80c4        0x4 ./drivers/fsl_clock.o
 .data.s_fastIrcFreq
                0x1fff80c8        0x4 ./drivers/fsl_clock.o
 .data.SystemCoreClock
                0x1fff80cc        0x4 ./CMSIS/system_MKW41Z4.o
                0x1fff80cc                SystemCoreClock
                0x1fff80d0                . = ALIGN (0x4)
                0x1fff80d0                _edata = .

.igot.plt       0x1fff80d0        0x0 load address 0x00002444
 .igot.plt      0x1fff80d0        0x0 ./startup/startup_mkw41z4.o

.bss            0x1fff80d0       0xd0 load address 0x00002444
                0x1fff80d0                _bss = .
 *(.bss*)
 .bss.g_xtal0Freq
                0x1fff80d0        0x4 ./drivers/fsl_clock.o
                0x1fff80d0                g_xtal0Freq
 .bss.g_xtal32Freq
                0x1fff80d4        0x4 ./drivers/fsl_clock.o
                0x1fff80d4                g_xtal32Freq
 .bss.s_lpuartHandle
                0x1fff80d8        0x4 ./drivers/fsl_lpuart.o
 .bss.s_lpuartIsr
                0x1fff80dc        0x4 ./drivers/fsl_lpuart.o
 .bss.__Ciob    0x1fff80e0       0xb4 c:/nxp/mcuxpressoide_10.2.1_795/ide/tools/bin/../lib/gcc/arm-none-eabi/7.2.1/../../../../arm-none-eabi/lib/thumb/v6-m\libcr_semihost_nf.a(__ciob.o)
                0x1fff80e0                __Ciob
 .bss.__end_of_heap
                0x1fff8194        0x4 c:/nxp/mcuxpressoide_10.2.1_795/ide/tools/bin/../lib/gcc/arm-none-eabi/7.2.1/../../../../arm-none-eabi/lib/thumb/v6-m\libcr_c.a(__init_alloc.o)
                0x1fff8194                __end_of_heap
 .bss.__heaps   0x1fff8198        0x4 c:/nxp/mcuxpressoide_10.2.1_795/ide/tools/bin/../lib/gcc/arm-none-eabi/7.2.1/../../../../arm-none-eabi/lib/thumb/v6-m\libcr_c.a(__init_alloc.o)
                0x1fff8198                __heaps
 .bss.errno     0x1fff819c        0x4 c:/nxp/mcuxpressoide_10.2.1_795/ide/tools/bin/../lib/gcc/arm-none-eabi/7.2.1/../../../../arm-none-eabi/lib/thumb/v6-m\libcr_c.a(errno.o)
                0x1fff819c                errno
 *(COMMON)
                0x1fff81a0                . = ALIGN (0x4)
                0x1fff81a0                _ebss = .
                [!provide]                PROVIDE (end, .)

.noinit         0x1fff81a0        0x0 load address 0x00002444
                0x1fff81a0                _noinit = .
 *(.noinit*)
                0x1fff81a0                . = ALIGN (0x4)
                0x1fff81a0                _end_noinit = .
                0x00001000                _HeapSize = 0x1000

.heap           0x1fff81a0     0x1000 load address 0x00002444
                0x1fff81a0                _pvHeapStart = .
                0x1fff91a0                . = (. + _HeapSize)
 *fill*         0x1fff81a0     0x1000 
                0x1fff91a0                . = ALIGN (0x4)
                0x1fff91a0                _pvHeapLimit = .
                0x00001000                _StackSize = 0x1000

.heap2stackfill
                0x1fff91a0     0x1000 load address 0x00002444
                0x1fffa1a0                . = (. + _StackSize)
 *fill*         0x1fff91a0     0x1000 

.stack          0x20017000        0x0
                0x20017000                _vStackBase = .
                0x20017000                . = ALIGN (0x4)
                0x20018000                _vStackTop = (. + _StackSize)
                0x00000000                _image_start = LOADADDR (.text)
                0x00002444                _image_end = (LOADADDR (.data) + SIZEOF (.data))
                0x00002444                _image_size = (_image_end - _image_start)
OUTPUT(frdmkw41z_driver_examples_lpuart_polling.axf elf32-littlearm)

.debug_info     0x00000000     0x47b3
 .debug_info    0x00000000      0x497 ./startup/startup_mkw41z4.o
 .debug_info    0x00000497      0x64a ./source/lpuart_polling.o
 .debug_info    0x00000ae1       0x4e ./source/mtb.o
 .debug_info    0x00000b2f       0x37 ./source/semihost_hardfault.o
 .debug_info    0x00000b66     0x136c ./drivers/fsl_clock.o
 .debug_info    0x00001ed2     0x1445 ./drivers/fsl_lpuart.o
 .debug_info    0x00003317      0xb4a ./board/clock_config.o
 .debug_info    0x00003e61      0x57e ./board/pin_mux.o
 .debug_info    0x000043df      0x3d4 ./CMSIS/system_MKW41Z4.o

.debug_abbrev   0x00000000      0xe21
 .debug_abbrev  0x00000000      0x16a ./startup/startup_mkw41z4.o
 .debug_abbrev  0x0000016a      0x199 ./source/lpuart_polling.o
 .debug_abbrev  0x00000303       0x41 ./source/mtb.o
 .debug_abbrev  0x00000344       0x2c ./source/semihost_hardfault.o
 .debug_abbrev  0x00000370      0x32e ./drivers/fsl_clock.o
 .debug_abbrev  0x0000069e      0x2bb ./drivers/fsl_lpuart.o
 .debug_abbrev  0x00000959      0x1f9 ./board/clock_config.o
 .debug_abbrev  0x00000b52      0x196 ./board/pin_mux.o
 .debug_abbrev  0x00000ce8      0x139 ./CMSIS/system_MKW41Z4.o

.debug_aranges  0x00000000      0x4f8
 .debug_aranges
                0x00000000      0x160 ./startup/startup_mkw41z4.o
 .debug_aranges
                0x00000160       0x28 ./source/lpuart_polling.o
 .debug_aranges
                0x00000188       0x18 ./source/mtb.o
 .debug_aranges
                0x000001a0       0x20 ./source/semihost_hardfault.o
 .debug_aranges
                0x000001c0      0x168 ./drivers/fsl_clock.o
 .debug_aranges
                0x00000328      0x118 ./drivers/fsl_lpuart.o
 .debug_aranges
                0x00000440       0x60 ./board/clock_config.o
 .debug_aranges
                0x000004a0       0x30 ./board/pin_mux.o
 .debug_aranges
                0x000004d0       0x28 ./CMSIS/system_MKW41Z4.o

.debug_ranges   0x00000000      0x460
 .debug_ranges  0x00000000      0x150 ./startup/startup_mkw41z4.o
 .debug_ranges  0x00000150       0x18 ./source/lpuart_polling.o
 .debug_ranges  0x00000168       0x10 ./source/semihost_hardfault.o
 .debug_ranges  0x00000178      0x158 ./drivers/fsl_clock.o
 .debug_ranges  0x000002d0      0x108 ./drivers/fsl_lpuart.o
 .debug_ranges  0x000003d8       0x50 ./board/clock_config.o
 .debug_ranges  0x00000428       0x20 ./board/pin_mux.o
 .debug_ranges  0x00000448       0x18 ./CMSIS/system_MKW41Z4.o

.debug_line     0x00000000     0x1509
 .debug_line    0x00000000      0x128 ./startup/startup_mkw41z4.o
 .debug_line    0x00000128      0x172 ./source/lpuart_polling.o
 .debug_line    0x0000029a       0x30 ./source/mtb.o
 .debug_line    0x000002ca       0x54 ./source/semihost_hardfault.o
 .debug_line    0x0000031e      0x6af ./drivers/fsl_clock.o
 .debug_line    0x000009cd      0x674 ./drivers/fsl_lpuart.o
 .debug_line    0x00001041      0x215 ./board/clock_config.o
 .debug_line    0x00001256      0x15b ./board/pin_mux.o
 .debug_line    0x000013b1      0x158 ./CMSIS/system_MKW41Z4.o

.debug_str      0x00000000     0x2d57
 .debug_str     0x00000000      0x49b ./startup/startup_mkw41z4.o
                                0x4bd (size before relaxing)
 .debug_str     0x0000049b      0x86d ./source/lpuart_polling.o
                                0x9ba (size before relaxing)
 .debug_str     0x00000d08       0x1f ./source/mtb.o
                                0x142 (size before relaxing)
 .debug_str     0x00000d27       0x1f ./source/semihost_hardfault.o
                                0x142 (size before relaxing)
 .debug_str     0x00000d46      0xab7 ./drivers/fsl_clock.o
                               0x12c4 (size before relaxing)
 .debug_str     0x000017fd      0xe37 ./drivers/fsl_lpuart.o
                               0x1723 (size before relaxing)
 .debug_str     0x00002634      0x57f ./board/clock_config.o
                                0xa2c (size before relaxing)
 .debug_str     0x00002bb3      0x155 ./board/pin_mux.o
                                0x604 (size before relaxing)
 .debug_str     0x00002d08       0x4f ./CMSIS/system_MKW41Z4.o
                                0x31b (size before relaxing)

.comment        0x00000000       0x7e
 .comment       0x00000000       0x7e ./startup/startup_mkw41z4.o
                                 0x7f (size before relaxing)
 .comment       0x0000007e       0x7f ./source/lpuart_polling.o
 .comment       0x0000007e       0x7f ./source/mtb.o
 .comment       0x0000007e       0x7f ./source/semihost_hardfault.o
 .comment       0x0000007e       0x7f ./drivers/fsl_clock.o
 .comment       0x0000007e       0x7f ./drivers/fsl_lpuart.o
 .comment       0x0000007e       0x7f ./board/clock_config.o
 .comment       0x0000007e       0x7f ./board/pin_mux.o
 .comment       0x0000007e       0x7f ./CMSIS/system_MKW41Z4.o
 .comment       0x0000007e       0x7f c:/nxp/mcuxpressoide_10.2.1_795/ide/tools/bin/../lib/gcc/arm-none-eabi/7.2.1/../../../../arm-none-eabi/lib/thumb/v6-m\libcr_semihost_nf.a(_cr__main.o)
 .comment       0x0000007e       0x7f c:/nxp/mcuxpressoide_10.2.1_795/ide/tools/bin/../lib/gcc/arm-none-eabi/7.2.1/../../../../arm-none-eabi/lib/thumb/v6-m\libcr_semihost_nf.a(_cr_assert.o)
 .comment       0x0000007e       0x7f c:/nxp/mcuxpressoide_10.2.1_795/ide/tools/bin/../lib/gcc/arm-none-eabi/7.2.1/../../../../arm-none-eabi/lib/thumb/v6-m\libcr_semihost_nf.a(__ciob.o)
 .comment       0x0000007e       0x7f c:/nxp/mcuxpressoide_10.2.1_795/ide/tools/bin/../lib/gcc/arm-none-eabi/7.2.1/../../../../arm-none-eabi/lib/thumb/v6-m\libcr_c.a(memset.o)
 .comment       0x0000007e       0x7f c:/nxp/mcuxpressoide_10.2.1_795/ide/tools/bin/../lib/gcc/arm-none-eabi/7.2.1/../../../../arm-none-eabi/lib/thumb/v6-m\libcr_c.a(_deferredlazyseek.o)
 .comment       0x0000007e       0x7f c:/nxp/mcuxpressoide_10.2.1_795/ide/tools/bin/../lib/gcc/arm-none-eabi/7.2.1/../../../../arm-none-eabi/lib/thumb/v6-m\libcr_c.a(_fflush.o)
 .comment       0x0000007e       0x7f c:/nxp/mcuxpressoide_10.2.1_795/ide/tools/bin/../lib/gcc/arm-none-eabi/7.2.1/../../../../arm-none-eabi/lib/thumb/v6-m\libcr_c.a(_writebuf.o)
 .comment       0x0000007e       0x7f c:/nxp/mcuxpressoide_10.2.1_795/ide/tools/bin/../lib/gcc/arm-none-eabi/7.2.1/../../../../arm-none-eabi/lib/thumb/v6-m\libcr_c.a(alloc.o)
 .comment       0x0000007e       0x7f c:/nxp/mcuxpressoide_10.2.1_795/ide/tools/bin/../lib/gcc/arm-none-eabi/7.2.1/../../../../arm-none-eabi/lib/thumb/v6-m\libcr_c.a(fputs.o)
 .comment       0x0000007e       0x7f c:/nxp/mcuxpressoide_10.2.1_795/ide/tools/bin/../lib/gcc/arm-none-eabi/7.2.1/../../../../arm-none-eabi/lib/thumb/v6-m\libcr_c.a(fseek.o)
 .comment       0x0000007e       0x7f c:/nxp/mcuxpressoide_10.2.1_795/ide/tools/bin/../lib/gcc/arm-none-eabi/7.2.1/../../../../arm-none-eabi/lib/thumb/v6-m\libcr_c.a(ftell.o)
 .comment       0x0000007e       0x7f c:/nxp/mcuxpressoide_10.2.1_795/ide/tools/bin/../lib/gcc/arm-none-eabi/7.2.1/../../../../arm-none-eabi/lib/thumb/v6-m\libcr_c.a(initio.o)
 .comment       0x0000007e       0x7f c:/nxp/mcuxpressoide_10.2.1_795/ide/tools/bin/../lib/gcc/arm-none-eabi/7.2.1/../../../../arm-none-eabi/lib/thumb/v6-m\libcr_c.a(setvbuf.o)
 .comment       0x0000007e       0x7f c:/nxp/mcuxpressoide_10.2.1_795/ide/tools/bin/../lib/gcc/arm-none-eabi/7.2.1/../../../../arm-none-eabi/lib/thumb/v6-m\libcr_c.a(__init_alloc.o)
 .comment       0x0000007e       0x7f c:/nxp/mcuxpressoide_10.2.1_795/ide/tools/bin/../lib/gcc/arm-none-eabi/7.2.1/../../../../arm-none-eabi/lib/thumb/v6-m\libcr_c.a(_cr_sbrk.o)
 .comment       0x0000007e       0x7f c:/nxp/mcuxpressoide_10.2.1_795/ide/tools/bin/../lib/gcc/arm-none-eabi/7.2.1/../../../../arm-none-eabi/lib/thumb/v6-m\libcr_c.a(_fdopen.o)
 .comment       0x0000007e       0x7f c:/nxp/mcuxpressoide_10.2.1_795/ide/tools/bin/../lib/gcc/arm-none-eabi/7.2.1/../../../../arm-none-eabi/lib/thumb/v6-m\libcr_c.a(errno.o)
 .comment       0x0000007e       0x7f c:/nxp/mcuxpressoide_10.2.1_795/ide/tools/bin/../lib/gcc/arm-none-eabi/7.2.1/../../../../arm-none-eabi/lib/thumb/v6-m\libcr_c.a(fclose.o)
 .comment       0x0000007e       0x7f c:/nxp/mcuxpressoide_10.2.1_795/ide/tools/bin/../lib/gcc/arm-none-eabi/7.2.1/../../../../arm-none-eabi/lib/thumb/v6-m\libcr_c.a(fflush.o)
 .comment       0x0000007e       0x7f c:/nxp/mcuxpressoide_10.2.1_795/ide/tools/bin/../lib/gcc/arm-none-eabi/7.2.1/../../../../arm-none-eabi/lib/thumb/v6-m\libcr_c.a(remove.o)
 .comment       0x0000007e       0x7f c:/nxp/mcuxpressoide_10.2.1_795/ide/tools/bin/../lib/gcc/arm-none-eabi/7.2.1/../../../../arm-none-eabi/lib/thumb/v6-m\libcr_c.a(strlen.o)
 .comment       0x0000007e       0x7f c:/nxp/mcuxpressoide_10.2.1_795/ide/tools/bin/../lib/gcc/arm-none-eabi/7.2.1/../../../../arm-none-eabi/lib/thumb/v6-m\libcr_c.a(_cr_check_heap.o)
 .comment       0x0000007e       0x7f c:/nxp/mcuxpressoide_10.2.1_795/ide/tools/bin/../lib/gcc/arm-none-eabi/7.2.1/../../../../arm-none-eabi/lib/thumb/v6-m\libcr_c.a(_do_fflush.o)

.ARM.attributes
                0x00000000       0x30
 .ARM.attributes
                0x00000000       0x32 ./startup/startup_mkw41z4.o
 .ARM.attributes
                0x00000032       0x32 ./source/lpuart_polling.o
 .ARM.attributes
                0x00000064       0x32 ./source/mtb.o
 .ARM.attributes
                0x00000096       0x32 ./source/semihost_hardfault.o
 .ARM.attributes
                0x000000c8       0x32 ./drivers/fsl_clock.o
 .ARM.attributes
                0x000000fa       0x32 ./drivers/fsl_lpuart.o
 .ARM.attributes
                0x0000012c       0x32 ./board/clock_config.o
 .ARM.attributes
                0x0000015e       0x32 ./board/pin_mux.o
 .ARM.attributes
                0x00000190       0x32 ./CMSIS/system_MKW41Z4.o
 .ARM.attributes
                0x000001c2       0x31 c:/nxp/mcuxpressoide_10.2.1_795/ide/tools/bin/../lib/gcc/arm-none-eabi/7.2.1/../../../../arm-none-eabi/lib/thumb/v6-m\libcr_semihost_nf.a(_cr__main.o)
 .ARM.attributes
                0x000001f3       0x31 c:/nxp/mcuxpressoide_10.2.1_795/ide/tools/bin/../lib/gcc/arm-none-eabi/7.2.1/../../../../arm-none-eabi/lib/thumb/v6-m\libcr_semihost_nf.a(_cr_assert.o)
 .ARM.attributes
                0x00000224       0x31 c:/nxp/mcuxpressoide_10.2.1_795/ide/tools/bin/../lib/gcc/arm-none-eabi/7.2.1/../../../../arm-none-eabi/lib/thumb/v6-m\libcr_semihost_nf.a(__ciob.o)
 .ARM.attributes
                0x00000255       0x21 c:/nxp/mcuxpressoide_10.2.1_795/ide/tools/bin/../lib/gcc/arm-none-eabi/7.2.1/../../../../arm-none-eabi/lib/thumb/v6-m\libcr_semihost_nf.a(__sys_appexit.o)
 .ARM.attributes
                0x00000276       0x31 c:/nxp/mcuxpressoide_10.2.1_795/ide/tools/bin/../lib/gcc/arm-none-eabi/7.2.1/../../../../arm-none-eabi/lib/thumb/v6-m\libcr_c.a(memset.o)
 .ARM.attributes
                0x000002a7       0x31 c:/nxp/mcuxpressoide_10.2.1_795/ide/tools/bin/../lib/gcc/arm-none-eabi/7.2.1/../../../../arm-none-eabi/lib/thumb/v6-m\libcr_c.a(_deferredlazyseek.o)
 .ARM.attributes
                0x000002d8       0x31 c:/nxp/mcuxpressoide_10.2.1_795/ide/tools/bin/../lib/gcc/arm-none-eabi/7.2.1/../../../../arm-none-eabi/lib/thumb/v6-m\libcr_c.a(_fflush.o)
 .ARM.attributes
                0x00000309       0x31 c:/nxp/mcuxpressoide_10.2.1_795/ide/tools/bin/../lib/gcc/arm-none-eabi/7.2.1/../../../../arm-none-eabi/lib/thumb/v6-m\libcr_c.a(_writebuf.o)
 .ARM.attributes
                0x0000033a       0x31 c:/nxp/mcuxpressoide_10.2.1_795/ide/tools/bin/../lib/gcc/arm-none-eabi/7.2.1/../../../../arm-none-eabi/lib/thumb/v6-m\libcr_c.a(alloc.o)
 .ARM.attributes
                0x0000036b       0x31 c:/nxp/mcuxpressoide_10.2.1_795/ide/tools/bin/../lib/gcc/arm-none-eabi/7.2.1/../../../../arm-none-eabi/lib/thumb/v6-m\libcr_c.a(fputs.o)
 .ARM.attributes
                0x0000039c       0x31 c:/nxp/mcuxpressoide_10.2.1_795/ide/tools/bin/../lib/gcc/arm-none-eabi/7.2.1/../../../../arm-none-eabi/lib/thumb/v6-m\libcr_c.a(fseek.o)
 .ARM.attributes
                0x000003cd       0x31 c:/nxp/mcuxpressoide_10.2.1_795/ide/tools/bin/../lib/gcc/arm-none-eabi/7.2.1/../../../../arm-none-eabi/lib/thumb/v6-m\libcr_c.a(ftell.o)
 .ARM.attributes
                0x000003fe       0x31 c:/nxp/mcuxpressoide_10.2.1_795/ide/tools/bin/../lib/gcc/arm-none-eabi/7.2.1/../../../../arm-none-eabi/lib/thumb/v6-m\libcr_c.a(initio.o)
 .ARM.attributes
                0x0000042f       0x31 c:/nxp/mcuxpressoide_10.2.1_795/ide/tools/bin/../lib/gcc/arm-none-eabi/7.2.1/../../../../arm-none-eabi/lib/thumb/v6-m\libcr_c.a(setvbuf.o)
 .ARM.attributes
                0x00000460       0x31 c:/nxp/mcuxpressoide_10.2.1_795/ide/tools/bin/../lib/gcc/arm-none-eabi/7.2.1/../../../../arm-none-eabi/lib/thumb/v6-m\libcr_c.a(__init_alloc.o)
 .ARM.attributes
                0x00000491       0x31 c:/nxp/mcuxpressoide_10.2.1_795/ide/tools/bin/../lib/gcc/arm-none-eabi/7.2.1/../../../../arm-none-eabi/lib/thumb/v6-m\libcr_c.a(_cr_sbrk.o)
 .ARM.attributes
                0x000004c2       0x31 c:/nxp/mcuxpressoide_10.2.1_795/ide/tools/bin/../lib/gcc/arm-none-eabi/7.2.1/../../../../arm-none-eabi/lib/thumb/v6-m\libcr_c.a(_fdopen.o)
 .ARM.attributes
                0x000004f3       0x31 c:/nxp/mcuxpressoide_10.2.1_795/ide/tools/bin/../lib/gcc/arm-none-eabi/7.2.1/../../../../arm-none-eabi/lib/thumb/v6-m\libcr_c.a(errno.o)
 .ARM.attributes
                0x00000524       0x31 c:/nxp/mcuxpressoide_10.2.1_795/ide/tools/bin/../lib/gcc/arm-none-eabi/7.2.1/../../../../arm-none-eabi/lib/thumb/v6-m\libcr_c.a(fclose.o)
 .ARM.attributes
                0x00000555       0x31 c:/nxp/mcuxpressoide_10.2.1_795/ide/tools/bin/../lib/gcc/arm-none-eabi/7.2.1/../../../../arm-none-eabi/lib/thumb/v6-m\libcr_c.a(fflush.o)
 .ARM.attributes
                0x00000586       0x31 c:/nxp/mcuxpressoide_10.2.1_795/ide/tools/bin/../lib/gcc/arm-none-eabi/7.2.1/../../../../arm-none-eabi/lib/thumb/v6-m\libcr_c.a(remove.o)
 .ARM.attributes
                0x000005b7       0x31 c:/nxp/mcuxpressoide_10.2.1_795/ide/tools/bin/../lib/gcc/arm-none-eabi/7.2.1/../../../../arm-none-eabi/lib/thumb/v6-m\libcr_c.a(strlen.o)
 .ARM.attributes
                0x000005e8       0x31 c:/nxp/mcuxpressoide_10.2.1_795/ide/tools/bin/../lib/gcc/arm-none-eabi/7.2.1/../../../../arm-none-eabi/lib/thumb/v6-m\libcr_c.a(_cr_check_heap.o)
 .ARM.attributes
                0x00000619       0x31 c:/nxp/mcuxpressoide_10.2.1_795/ide/tools/bin/../lib/gcc/arm-none-eabi/7.2.1/../../../../arm-none-eabi/lib/thumb/v6-m\libcr_c.a(_do_fflush.o)
 .ARM.attributes
                0x0000064a       0x21 c:/nxp/mcuxpressoide_10.2.1_795/ide/tools/bin/../lib/gcc/arm-none-eabi/7.2.1/thumb/v6-m\libcr_eabihelpers.a(division_32.o)
 .ARM.attributes
                0x0000066b       0x21 c:/nxp/mcuxpressoide_10.2.1_795/ide/tools/bin/../lib/gcc/arm-none-eabi/7.2.1/thumb/v6-m\libcr_eabihelpers.a(division_idiv0.o)
 .ARM.attributes
                0x0000068c       0x21 c:/nxp/mcuxpressoide_10.2.1_795/ide/tools/bin/../lib/gcc/arm-none-eabi/7.2.1/thumb/v6-m\libcr_eabihelpers.a(memcpy.o)
 .ARM.attributes
                0x000006ad       0x21 c:/nxp/mcuxpressoide_10.2.1_795/ide/tools/bin/../lib/gcc/arm-none-eabi/7.2.1/../../../../arm-none-eabi/lib/thumb/v6-m\libcr_semihost_nf.a(__sys_close.o)
 .ARM.attributes
                0x000006ce       0x21 c:/nxp/mcuxpressoide_10.2.1_795/ide/tools/bin/../lib/gcc/arm-none-eabi/7.2.1/../../../../arm-none-eabi/lib/thumb/v6-m\libcr_semihost_nf.a(__sys_flen.o)
 .ARM.attributes
                0x000006ef       0x21 c:/nxp/mcuxpressoide_10.2.1_795/ide/tools/bin/../lib/gcc/arm-none-eabi/7.2.1/../../../../arm-none-eabi/lib/thumb/v6-m\libcr_semihost_nf.a(__sys_istty.o)
 .ARM.attributes
                0x00000710       0x21 c:/nxp/mcuxpressoide_10.2.1_795/ide/tools/bin/../lib/gcc/arm-none-eabi/7.2.1/../../../../arm-none-eabi/lib/thumb/v6-m\libcr_semihost_nf.a(__sys_remove.o)
 .ARM.attributes
                0x00000731       0x21 c:/nxp/mcuxpressoide_10.2.1_795/ide/tools/bin/../lib/gcc/arm-none-eabi/7.2.1/../../../../arm-none-eabi/lib/thumb/v6-m\libcr_semihost_nf.a(__sys_seek.o)
 .ARM.attributes
                0x00000752       0x21 c:/nxp/mcuxpressoide_10.2.1_795/ide/tools/bin/../lib/gcc/arm-none-eabi/7.2.1/../../../../arm-none-eabi/lib/thumb/v6-m\libcr_semihost_nf.a(__sys_tmpnam.o)
 .ARM.attributes
                0x00000773       0x21 c:/nxp/mcuxpressoide_10.2.1_795/ide/tools/bin/../lib/gcc/arm-none-eabi/7.2.1/../../../../arm-none-eabi/lib/thumb/v6-m\libcr_semihost_nf.a(__sys_write.o)

.debug_frame    0x00000000      0xf44
 .debug_frame   0x00000000      0x3b0 ./startup/startup_mkw41z4.o
 .debug_frame   0x000003b0       0x50 ./source/lpuart_polling.o
 .debug_frame   0x00000400       0x20 ./source/semihost_hardfault.o
 .debug_frame   0x00000420      0x530 ./drivers/fsl_clock.o
 .debug_frame   0x00000950      0x410 ./drivers/fsl_lpuart.o
 .debug_frame   0x00000d60      0x12c ./board/clock_config.o
 .debug_frame   0x00000e8c       0x6c ./board/pin_mux.o
 .debug_frame   0x00000ef8       0x4c ./CMSIS/system_MKW41Z4.o
